Archive member included to satisfy reference by file (symbol)

../../bibliotheque pour TPs\libRobot.a(robot.o)
                              src/TP3.o (initRobot)
../../bibliotheque pour TPs\libTPsIUT.a(libTPIUT.o)
                              src/TP3.o (initCarte)
c:/program files (x86)/atmel/studio/7.0/toolchain/arm/arm-gnu-toolchain/bin/../lib/gcc/arm-none-eabi/6.3.1/../../../../arm-none-eabi/lib/thumb/v7-m\libc_nano.a(lib_a-exit.o)
                              c:/program files (x86)/atmel/studio/7.0/toolchain/arm/arm-gnu-toolchain/bin/../lib/gcc/arm-none-eabi/6.3.1/../../../../arm-none-eabi/lib/thumb/v7-m/crt0.o (exit)
c:/program files (x86)/atmel/studio/7.0/toolchain/arm/arm-gnu-toolchain/bin/../lib/gcc/arm-none-eabi/6.3.1/../../../../arm-none-eabi/lib/thumb/v7-m\libc_nano.a(lib_a-impure.o)
                              c:/program files (x86)/atmel/studio/7.0/toolchain/arm/arm-gnu-toolchain/bin/../lib/gcc/arm-none-eabi/6.3.1/../../../../arm-none-eabi/lib/thumb/v7-m\libc_nano.a(lib_a-exit.o) (_global_impure_ptr)
c:/program files (x86)/atmel/studio/7.0/toolchain/arm/arm-gnu-toolchain/bin/../lib/gcc/arm-none-eabi/6.3.1/../../../../arm-none-eabi/lib/thumb/v7-m\libc_nano.a(lib_a-init.o)
                              c:/program files (x86)/atmel/studio/7.0/toolchain/arm/arm-gnu-toolchain/bin/../lib/gcc/arm-none-eabi/6.3.1/../../../../arm-none-eabi/lib/thumb/v7-m/crt0.o (__libc_init_array)
c:/program files (x86)/atmel/studio/7.0/toolchain/arm/arm-gnu-toolchain/bin/../lib/gcc/arm-none-eabi/6.3.1/../../../../arm-none-eabi/lib/thumb/v7-m\libc_nano.a(lib_a-memset.o)
                              c:/program files (x86)/atmel/studio/7.0/toolchain/arm/arm-gnu-toolchain/bin/../lib/gcc/arm-none-eabi/6.3.1/../../../../arm-none-eabi/lib/thumb/v7-m/crt0.o (memset)
c:/program files (x86)/atmel/studio/7.0/toolchain/arm/arm-gnu-toolchain/bin/../lib/gcc/arm-none-eabi/6.3.1/../../../../arm-none-eabi/lib/thumb/v7-m\libc_nano.a(lib_a-nano-vfprintf_float.o)
                              (_printf_float)
c:/program files (x86)/atmel/studio/7.0/toolchain/arm/arm-gnu-toolchain/bin/../lib/gcc/arm-none-eabi/6.3.1/../../../../arm-none-eabi/lib/thumb/v7-m\libc_nano.a(lib_a-nano-vfprintf_i.o)
                              c:/program files (x86)/atmel/studio/7.0/toolchain/arm/arm-gnu-toolchain/bin/../lib/gcc/arm-none-eabi/6.3.1/../../../../arm-none-eabi/lib/thumb/v7-m\libc_nano.a(lib_a-nano-vfprintf_float.o) (_printf_common)
c:/program files (x86)/atmel/studio/7.0/toolchain/arm/arm-gnu-toolchain/bin/../lib/gcc/arm-none-eabi/6.3.1/../../../../arm-none-eabi/lib/thumb/v7-m\libc_nano.a(lib_a-printf.o)
                              src/TP3.o (iprintf)
c:/program files (x86)/atmel/studio/7.0/toolchain/arm/arm-gnu-toolchain/bin/../lib/gcc/arm-none-eabi/6.3.1/../../../../arm-none-eabi/lib/thumb/v7-m\libc_nano.a(lib_a-puts.o)
                              ../../bibliotheque pour TPs\libRobot.a(robot.o) (puts)
c:/program files (x86)/atmel/studio/7.0/toolchain/arm/arm-gnu-toolchain/bin/../lib/gcc/arm-none-eabi/6.3.1/../../../../arm-none-eabi/lib/thumb/v7-m\libc_nano.a(lib_a-setbuf.o)
                              ../../bibliotheque pour TPs\libTPsIUT.a(libTPIUT.o) (setbuf)
c:/program files (x86)/atmel/studio/7.0/toolchain/arm/arm-gnu-toolchain/bin/../lib/gcc/arm-none-eabi/6.3.1/../../../../arm-none-eabi/lib/thumb/v7-m\libc_nano.a(lib_a-setvbuf.o)
                              c:/program files (x86)/atmel/studio/7.0/toolchain/arm/arm-gnu-toolchain/bin/../lib/gcc/arm-none-eabi/6.3.1/../../../../arm-none-eabi/lib/thumb/v7-m\libc_nano.a(lib_a-setbuf.o) (setvbuf)
c:/program files (x86)/atmel/studio/7.0/toolchain/arm/arm-gnu-toolchain/bin/../lib/gcc/arm-none-eabi/6.3.1/../../../../arm-none-eabi/lib/thumb/v7-m\libc_nano.a(lib_a-strlen.o)
                              c:/program files (x86)/atmel/studio/7.0/toolchain/arm/arm-gnu-toolchain/bin/../lib/gcc/arm-none-eabi/6.3.1/../../../../arm-none-eabi/lib/thumb/v7-m\libc_nano.a(lib_a-nano-vfprintf_float.o) (strlen)
c:/program files (x86)/atmel/studio/7.0/toolchain/arm/arm-gnu-toolchain/bin/../lib/gcc/arm-none-eabi/6.3.1/../../../../arm-none-eabi/lib/thumb/v7-m\libc_nano.a(lib_a-wbuf.o)
                              c:/program files (x86)/atmel/studio/7.0/toolchain/arm/arm-gnu-toolchain/bin/../lib/gcc/arm-none-eabi/6.3.1/../../../../arm-none-eabi/lib/thumb/v7-m\libc_nano.a(lib_a-puts.o) (__swbuf_r)
c:/program files (x86)/atmel/studio/7.0/toolchain/arm/arm-gnu-toolchain/bin/../lib/gcc/arm-none-eabi/6.3.1/../../../../arm-none-eabi/lib/thumb/v7-m\libc_nano.a(lib_a-wsetup.o)
                              c:/program files (x86)/atmel/studio/7.0/toolchain/arm/arm-gnu-toolchain/bin/../lib/gcc/arm-none-eabi/6.3.1/../../../../arm-none-eabi/lib/thumb/v7-m\libc_nano.a(lib_a-puts.o) (__swsetup_r)
c:/program files (x86)/atmel/studio/7.0/toolchain/arm/arm-gnu-toolchain/bin/../lib/gcc/arm-none-eabi/6.3.1/../../../../arm-none-eabi/lib/thumb/v7-m\libc_nano.a(lib_a-dtoa.o)
[...]
Memory Configuration

Name             Origin             Length             Attributes
rom              0x00080000         0x00080000         xr
sram0            0x20000000         0x00010000         xrw
sram1            0x20080000         0x00008000         xrw
ram              0x20070000         0x00018000         xrw
*default*        0x00000000         0xffffffff

Linker script and memory map

LOAD c:/program files (x86)/atmel/studio/7.0/toolchain/arm/arm-gnu-toolchain/bin/../lib/gcc/arm-none-eabi/6.3.1/thumb/v7-m/crti.o
LOAD c:/program files (x86)/atmel/studio/7.0/toolchain/arm/arm-gnu-toolchain/bin/../lib/gcc/arm-none-eabi/6.3.1/thumb/v7-m/crtbegin.o
LOAD c:/program files (x86)/atmel/studio/7.0/toolchain/arm/arm-gnu-toolchain/bin/../lib/gcc/arm-none-eabi/6.3.1/../../../../arm-none-eabi/lib/thumb/v7-m/crt0.o
LOAD src/TP3.o
LOAD src/ASF/common/utils/interrupt/interrupt_sam_nvic.o
LOAD src/ASF/sam/utils/cmsis/sam3x/source/templates/exceptions.o
LOAD src/ASF/sam/utils/cmsis/sam3x/source/templates/gcc/startup_sam3x.o
LOAD src/ASF/sam/utils/cmsis/sam3x/source/templates/system_sam3x.o
LOAD src/ASF/sam/utils/syscalls/gcc/syscalls.o
START GROUP
LOAD ../src/ASF/thirdparty/CMSIS/Lib/GCC\libarm_cortexM3l_math.a
LOAD c:/program files (x86)/atmel/studio/7.0/toolchain/arm/arm-gnu-toolchain/bin/../lib/gcc/arm-none-eabi/6.3.1/../../../../arm-none-eabi/lib/thumb/v7-m\libm.a
LOAD ../../bibliotheque pour TPs\libRobot.a
LOAD ../../bibliotheque pour TPs\libTPsIUT.a
END GROUP
LOAD c:/program files (x86)/atmel/studio/7.0/toolchain/arm/arm-gnu-toolchain/bin/../lib/gcc/arm-none-eabi/6.3.1/../../../../arm-none-eabi/lib/thumb/v7-m\libc_nano.a
START GROUP
LOAD c:/program files (x86)/atmel/studio/7.0/toolchain/arm/arm-gnu-toolchain/bin/../lib/gcc/arm-none-eabi/6.3.1/thumb/v7-m\libgcc.a
LOAD c:/program files (x86)/atmel/studio/7.0/toolchain/arm/arm-gnu-toolchain/bin/../lib/gcc/arm-none-eabi/6.3.1/../../../../arm-none-eabi/lib/thumb/v7-m\libc_nano.a
END GROUP
START GROUP
LOAD c:/program files (x86)/atmel/studio/7.0/toolchain/arm/arm-gnu-toolchain/bin/../lib/gcc/arm-none-eabi/6.3.1/thumb/v7-m\libgcc.a
LOAD c:/program files (x86)/atmel/studio/7.0/toolchain/arm/arm-gnu-toolchain/bin/../lib/gcc/arm-none-eabi/6.3.1/../../../../arm-none-eabi/lib/thumb/v7-m\libc_nano.a
END GROUP
LOAD c:/program files (x86)/atmel/studio/7.0/toolchain/arm/arm-gnu-toolchain/bin/../lib/gcc/arm-none-eabi/6.3.1/thumb/v7-m/crtend.o
LOAD c:/program files (x86)/atmel/studio/7.0/toolchain/arm/arm-gnu-toolchain/bin/../lib/gcc/arm-none-eabi/6.3.1/thumb/v7-m/crtn.o
                0x00002000                __stack_size__ = DEFINED (__stack_size__)?__stack_size__:0x2000
                0x20087ffc                __ram_end__ = ((ORIGIN (ram) + LENGTH (ram)) - 0x4)

.text           0x00080000     0x5858
                0x00080000                . = ALIGN (0x4)
                0x00080000                _sfixed = .
 *(.vectors .vectors.*)
 .vectors       0x00080000       0xf4 src/ASF/sam/utils/cmsis/sam3x/source/templates/gcc/startup_sam3x.o
                0x00080000                exception_table
 *(.text .text.* .gnu.linkonce.t.*)
 .text          0x000800f4       0x6c c:/program files (x86)/atmel/studio/7.0/toolchain/arm/arm-gnu-toolchain/bin/../lib/gcc/arm-none-eabi/6.3.1/thumb/v7-m/crtbegin.o
 .text.main     0x00080160      0x394 src/TP3.o
                0x00080160                main
 .text.Dummy_Handler
                0x000804f4        0x2 src/ASF/sam/utils/cmsis/sam3x/source/templates/exceptions.o
                0x000804f4                DACC_Handler
                0x000804f4                DebugMon_Handler
                0x000804f4                DMAC_Handler
                0x000804f4                TRNG_Handler
                0x000804f4                HardFault_Handler
                0x000804f4                SysTick_Handler
                0x000804f4                USART3_Handler
                0x000804f4                TWI1_Handler
                0x000804f4                PendSV_Handler
                0x000804f4                NMI_Handler
                0x000804f4                SMC_Handler
                0x000804f4                USART0_Handler
                0x000804f4                RTT_Handler
                0x000804f4                EFC1_Handler
                0x000804f4                RTC_Handler
                0x000804f4                UsageFault_Handler
                0x000804f4                WDT_Handler
                0x000804f4                CAN0_Handler
                0x000804f4                HSMCI_Handler
                0x000804f4                Dummy_Handler
                0x000804f4                TWI0_Handler
                0x000804f4                USART1_Handler
                0x000804f4                SSC_Handler
                0x000804f4                EFC0_Handler
                0x000804f4                PMC_Handler
                0x000804f4                CAN1_Handler
                0x000804f4                MemManage_Handler
                0x000804f4                SUPC_Handler
                0x000804f4                SVC_Handler
                0x000804f4                USART2_Handler
                0x000804f4                EMAC_Handler
                0x000804f4                UART_Handler
                0x000804f4                BusFault_Handler
                0x000804f4                RSTC_Handler
                0x000804f4                UOTGHS_Handler
                0x000804f4                SPI0_Handler
 *fill*         0x000804f6        0x2 
 .text.Reset_Handler
                0x000804f8       0x98 src/ASF/sam/utils/cmsis/sam3x/source/templates/gcc/startup_sam3x.o
                0x000804f8                Reset_Handler
 .text._sbrk    0x00080590       0x38 src/ASF/sam/utils/syscalls/gcc/syscalls.o
                0x00080590                _sbrk
 .text._close   0x000805c8        0x6 src/ASF/sam/utils/syscalls/gcc/syscalls.o
                0x000805c8                _close
 .text._fstat   0x000805ce        0xa src/ASF/sam/utils/syscalls/gcc/syscalls.o
                0x000805ce                _fstat
 .text._isatty  0x000805d8        0x4 src/ASF/sam/utils/syscalls/gcc/syscalls.o
                0x000805d8                _isatty
 .text._lseek   0x000805dc        0x4 src/ASF/sam/utils/syscalls/gcc/syscalls.o
                0x000805dc                _lseek
 .text.initMoteur
                0x000805e0       0x60 ../../bibliotheque pour TPs\libRobot.a(robot.o)
                0x000805e0                initMoteur
 .text.initRobot
                0x00080640       0x24 ../../bibliotheque pour TPs\libRobot.a(robot.o)
                0x00080640                initRobot
 .text.positionnerMoteur
                0x00080664       0xd4 ../../bibliotheque pour TPs\libRobot.a(robot.o)
                0x00080664                positionnerMoteur
 .text._additif
                0x00080738       0xd4 ../../bibliotheque pour TPs\libRobot.a(robot.o)
                0x00080738                _additif
 .text._ignorer_IT
                0x0008080c        0x4 ../../bibliotheque pour TPs\libTPsIUT.a(libTPIUT.o)
                0x0008080c                _ignorer_IT
 .text.pwm_clocks_generate
                0x00080810       0x90 ../../bibliotheque pour TPs\libTPsIUT.a(libTPIUT.o)
 .text.initCarte
                0x000808a0       0xd4 ../../bibliotheque pour TPs\libTPsIUT.a(libTPIUT.o)
                0x000808a0                initCarte
 .text.uart_init
                0x00080974       0x48 ../../bibliotheque pour TPs\libTPsIUT.a(libTPIUT.o)
                0x00080974                uart_init
 .text.uart_read
                0x000809bc       0x14 ../../bibliotheque pour TPs\libTPsIUT.a(libTPIUT.o)
                0x000809bc                uart_read
 .text.uart_write
                0x000809d0       0x10 ../../bibliotheque pour TPs\libTPsIUT.a(libTPIUT.o)
                0x000809d0                uart_write
 .text.pio_set_peripheral
                0x000809e0       0x40 ../../bibliotheque pour TPs\libTPsIUT.a(libTPIUT.o)
                0x000809e0                pio_set_peripheral
 .text.pio_set_input
                0x00080a20       0x34 ../../bibliotheque pour TPs\libTPsIUT.a(libTPIUT.o)
                0x00080a20                pio_set_input
 .text.pio_configure_interrupt
                0x00080a54       0x30 ../../bibliotheque pour TPs\libTPsIUT.a(libTPIUT.o)
                0x00080a54                pio_configure_interrupt
 .text.pio_set_output
                0x00080a84       0x28 ../../bibliotheque pour TPs\libTPsIUT.a(libTPIUT.o)
                0x00080a84                pio_set_output
 .text.pio_configure
                0x00080aac       0x88 ../../bibliotheque pour TPs\libTPsIUT.a(libTPIUT.o)
                0x00080aac                pio_configure
 .text.configureConsole
                0x00080b34       0x74 ../../bibliotheque pour TPs\libTPsIUT.a(libTPIUT.o)
                0x00080b34                configureConsole
 .text._read    0x00080ba8       0x38 ../../bibliotheque pour TPs\libTPsIUT.a(libTPIUT.o)
                0x00080ba8                _read
 .text._write   0x00080be0       0x38 ../../bibliotheque pour TPs\libTPsIUT.a(libTPIUT.o)
                0x00080be0                _write
 .text.allumerPeriph
                0x00080c18       0xcc ../../bibliotheque pour TPs\libTPsIUT.a(libTPIUT.o)
                0x00080c18                allumerPeriph
 .text.eteindrePeriph
                0x00080ce4       0xb8 ../../bibliotheque pour TPs\libTPsIUT.a(libTPIUT.o)
                0x00080ce4                eteindrePeriph
 .text._renvoieLigne
                0x00080d9c       0x44 ../../bibliotheque pour TPs\libTPsIUT.a(libTPIUT.o)
                0x00080d9c                _renvoieLigne
 .text.programmerLigne
                0x00080de0       0x6c ../../bibliotheque pour TPs\libTPsIUT.a(libTPIUT.o)
                0x00080de0                programmerLigne
 .text.PIOA_Handler
                0x00080e4c       0x54 ../../bibliotheque pour TPs\libTPsIUT.a(libTPIUT.o)
                0x00080e4c                PIOA_Handler
 .text.PIOB_Handler
                0x00080ea0       0x54 ../../bibliotheque pour TPs\libTPsIUT.a(libTPIUT.o)
                0x00080ea0                PIOB_Handler
 .text.PIOC_Handler
                0x00080ef4       0x54 ../../bibliotheque pour TPs\libTPsIUT.a(libTPIUT.o)
                0x00080ef4                PIOC_Handler
 .text.PIOD_Handler
                0x00080f48       0x54 ../../bibliotheque pour TPs\libTPsIUT.a(libTPIUT.o)
                0x00080f48                PIOD_Handler
 .text.timerModeDelai
                0x00080f9c       0x94 ../../bibliotheque pour TPs\libTPsIUT.a(libTPIUT.o)
                0x00080f9c                timerModeDelai
 .text.lancerTimer
                0x00081030       0x3c ../../bibliotheque pour TPs\libTPsIUT.a(libTPIUT.o)
                0x00081030                lancerTimer
 .text.testerEtatTimer
                0x0008106c       0x6c ../../bibliotheque pour TPs\libTPsIUT.a(libTPIUT.o)
                0x0008106c                testerEtatTimer
 .text.TC0_Handler
                0x000810d8       0x60 ../../bibliotheque pour TPs\libTPsIUT.a(libTPIUT.o)
                0x000810d8                TC0_Handler
 .text.TC1_Handler
                0x00081138       0x60 ../../bibliotheque pour TPs\libTPsIUT.a(libTPIUT.o)
                0x00081138                TC1_Handler
 .text.TC2_Handler
                0x00081198       0x60 ../../bibliotheque pour TPs\libTPsIUT.a(libTPIUT.o)
                0x00081198                TC2_Handler
 .text.TC3_Handler
                0x000811f8       0x64 ../../bibliotheque pour TPs\libTPsIUT.a(libTPIUT.o)
                0x000811f8                TC3_Handler
 .text.TC4_Handler
                0x0008125c       0x64 ../../bibliotheque pour TPs\libTPsIUT.a(libTPIUT.o)
                0x0008125c                TC4_Handler
 .text.TC5_Handler
                0x000812c0       0x64 ../../bibliotheque pour TPs\libTPsIUT.a(libTPIUT.o)
                0x000812c0                TC5_Handler
 .text.TC6_Handler
                0x00081324       0x64 ../../bibliotheque pour TPs\libTPsIUT.a(libTPIUT.o)
                0x00081324                TC6_Handler
 .text.TC7_Handler
                0x00081388       0x64 ../../bibliotheque pour TPs\libTPsIUT.a(libTPIUT.o)
                0x00081388                TC7_Handler
 .text.TC8_Handler
                0x000813ec       0x64 ../../bibliotheque pour TPs\libTPsIUT.a(libTPIUT.o)
                0x000813ec                TC8_Handler
 .text.initConvAN
                0x00081450       0x94 ../../bibliotheque pour TPs\libTPsIUT.a(libTPIUT.o)
                0x00081450                initConvAN
 .text.declenchementConvAN
                0x000814e4       0x50 ../../bibliotheque pour TPs\libTPsIUT.a(libTPIUT.o)
                0x000814e4                declenchementConvAN
 .text.choisirEntreeConvAN
                0x00081534       0x44 ../../bibliotheque pour TPs\libTPsIUT.a(libTPIUT.o)
                0x00081534                choisirEntreeConvAN
 .text.lancerConversionAN
                0x00081578        0xc ../../bibliotheque pour TPs\libTPsIUT.a(libTPIUT.o)
                0x00081578                lancerConversionAN
 .text.lireValeurConvAN
                0x00081584       0x30 ../../bibliotheque pour TPs\libTPsIUT.a(libTPIUT.o)
                0x00081584                lireValeurConvAN
 .text.lireTensionConvAN
                0x000815b4       0x80 ../../bibliotheque pour TPs\libTPsIUT.a(libTPIUT.o)
                0x000815b4                lireTensionConvAN
 .text.testerEtatConvAN
                0x00081634       0x94 ../../bibliotheque pour TPs\libTPsIUT.a(libTPIUT.o)
                0x00081634                testerEtatConvAN
 .text.ADC_Handler
                0x000816c8       0x58 ../../bibliotheque pour TPs\libTPsIUT.a(libTPIUT.o)
                0x000816c8                ADC_Handler
 .text.pwm_channel_init
                0x00081720      0x10c ../../bibliotheque pour TPs\libTPsIUT.a(libTPIUT.o)
                0x00081720                pwm_channel_init
 .text.initGeneSignal
                0x0008182c       0xc4 ../../bibliotheque pour TPs\libTPsIUT.a(libTPIUT.o)
                0x0008182c                initGeneSignal
 .text.definirHorlogeA
                0x000818f0       0x8c ../../bibliotheque pour TPs\libTPsIUT.a(libTPIUT.o)
                0x000818f0                definirHorlogeA
 .text.modifierSeuilGeneSignal
                0x0008197c       0x7c ../../bibliotheque pour TPs\libTPsIUT.a(libTPIUT.o)
                0x0008197c                modifierSeuilGeneSignal
 .text._freq_horloge
                0x000819f8       0x30 ../../bibliotheque pour TPs\libTPsIUT.a(libTPIUT.o)
                0x000819f8                _freq_horloge
 .text.freqGeneSignal
                0x00081a28       0x64 ../../bibliotheque pour TPs\libTPsIUT.a(libTPIUT.o)
                0x00081a28                freqGeneSignal
 .text.relais_IT_pwm
                0x00081a8c       0x58 ../../bibliotheque pour TPs\libTPsIUT.a(libTPIUT.o)
                0x00081a8c                relais_IT_pwm
 .text.PWM_Handler
                0x00081ae4       0x10 ../../bibliotheque pour TPs\libTPsIUT.a(libTPIUT.o)
                0x00081ae4                PWM_Handler
 .text.__libc_init_array
                0x00081af4       0x48 c:/program files (x86)/atmel/studio/7.0/toolchain/arm/arm-gnu-toolchain/bin/../lib/gcc/arm-none-eabi/6.3.1/../../../../arm-none-eabi/lib/thumb/v7-m\libc_nano.a(lib_a-init.o)
                0x00081af4                __libc_init_array
 .text.memset   0x00081b3c       0x10 c:/program files (x86)/atmel/studio/7.0/toolchain/arm/arm-gnu-toolchain/bin/../lib/gcc/arm-none-eabi/6.3.1/../../../../arm-none-eabi/lib/thumb/v7-m\libc_nano.a(lib_a-memset.o)
                0x00081b3c                memset
 .text.__cvt    0x00081b4c       0xb8 c:/program files (x86)/atmel/studio/7.0/toolchain/arm/arm-gnu-toolchain/bin/../lib/gcc/arm-none-eabi/6.3.1/../../../../arm-none-eabi/lib/thumb/v7-m\libc_nano.a(lib_a-nano-vfprintf_float.o)
                0x00081b4c                __cvt
 .text.__exponent
                0x00081c04       0x6a c:/program files (x86)/atmel/studio/7.0/toolchain/arm/arm-gnu-toolchain/bin/../lib/gcc/arm-none-eabi/6.3.1/../../../../arm-none-eabi/lib/thumb/v7-m\libc_nano.a(lib_a-nano-vfprintf_float.o)
                0x00081c04                __exponent
 *fill*         0x00081c6e        0x2 
 .text._printf_float
                0x00081c70      0x470 c:/program files (x86)/atmel/studio/7.0/toolchain/arm/arm-gnu-toolchain/bin/../lib/gcc/arm-none-eabi/6.3.1/../../../../arm-none-eabi/lib/thumb/v7-m\libc_nano.a(lib_a-nano-vfprintf_float.o)
                0x00081c70                _printf_float
 .text._printf_common
                0x000820e0       0xee c:/program files (x86)/atmel/studio/7.0/toolchain/arm/arm-gnu-toolchain/bin/../lib/gcc/arm-none-eabi/6.3.1/../../../../arm-none-eabi/lib/thumb/v7-m\libc_nano.a(lib_a-nano-vfprintf_i.o)
                0x000820e0                _printf_common
 *fill*         0x000821ce        0x2 
 .text._printf_i
                0x000821d0      0x240 c:/program files (x86)/atmel/studio/7.0/toolchain/arm/arm-gnu-toolchain/bin/../lib/gcc/arm-none-eabi/6.3.1/../../../../arm-none-eabi/lib/thumb/v7-m\libc_nano.a(lib_a-nano-vfprintf_i.o)
                0x000821d0                _printf_i
 .text.printf   0x00082410       0x30 c:/program files (x86)/atmel/studio/7.0/toolchain/arm/arm-gnu-toolchain/bin/../lib/gcc/arm-none-eabi/6.3.1/../../../../arm-none-eabi/lib/thumb/v7-m\libc_nano.a(lib_a-printf.o)
                0x00082410                iprintf
                0x00082410                printf
 .text._puts_r  0x00082440       0xb8 c:/program files (x86)/atmel/studio/7.0/toolchain/arm/arm-gnu-toolchain/bin/../lib/gcc/arm-none-eabi/6.3.1/../../../../arm-none-eabi/lib/thumb/v7-m\libc_nano.a(lib_a-puts.o)
                0x00082440                _puts_r
 .text.puts     0x000824f8       0x10 c:/program files (x86)/atmel/studio/7.0/toolchain/arm/arm-gnu-toolchain/bin/../lib/gcc/arm-none-eabi/6.3.1/../../../../arm-none-eabi/lib/thumb/v7-m\libc_nano.a(lib_a-puts.o)
                0x000824f8                puts
 .text.setbuf   0x00082508       0x10 c:/program files (x86)/atmel/studio/7.0/toolchain/arm/arm-gnu-toolchain/bin/../lib/gcc/arm-none-eabi/6.3.1/../../../../arm-none-eabi/lib/thumb/v7-m\libc_nano.a(lib_a-setbuf.o)
                0x00082508                setbuf
 .text.setvbuf  0x00082518      0x15c c:/program files (x86)/atmel/studio/7.0/toolchain/arm/arm-gnu-toolchain/bin/../lib/gcc/arm-none-eabi/6.3.1/../../../../arm-none-eabi/lib/thumb/v7-m\libc_nano.a(lib_a-setvbuf.o)
                0x00082518                setvbuf
 .text          0x00082674       0x10 c:/program files (x86)/atmel/studio/7.0/toolchain/arm/arm-gnu-toolchain/bin/../lib/gcc/arm-none-eabi/6.3.1/../../../../arm-none-eabi/lib/thumb/v7-m\libc_nano.a(lib_a-strlen.o)
                0x00082674                strlen
 .text.__swbuf_r
                0x00082684       0xa4 c:/program files (x86)/atmel/studio/7.0/toolchain/arm/arm-gnu-toolchain/bin/../lib/gcc/arm-none-eabi/6.3.1/../../../../arm-none-eabi/lib/thumb/v7-m\libc_nano.a(lib_a-wbuf.o)
                0x00082684                __swbuf_r
 .text.__swsetup_r
                0x00082728       0xdc c:/program files (x86)/atmel/studio/7.0/toolchain/arm/arm-gnu-toolchain/bin/../lib/gcc/arm-none-eabi/6.3.1/../../../../arm-none-eabi/lib/thumb/v7-m\libc_nano.a(lib_a-wsetup.o)
                0x00082728                __swsetup_r
 .text.quorem   0x00082804      0x118 c:/program files (x86)/atmel/studio/7.0/toolchain/arm/arm-gnu-toolchain/bin/../lib/gcc/arm-none-eabi/6.3.1/../../../../arm-none-eabi/lib/thumb/v7-m\libc_nano.a(lib_a-dtoa.o)
 *fill*         0x0008291c        0x4 
 .text._dtoa_r  0x00082920      0xba8 c:/program files (x86)/atmel/studio/7.0/toolchain/arm/arm-gnu-toolchain/bin/../lib/gcc/arm-none-eabi/6.3.1/../../../../arm-none-eabi/lib/thumb/v7-m\libc_nano.a(lib_a-dtoa.o)
                0x00082920                _dtoa_r
 .text.__sflush_r
                0x000834c8      0x110 c:/program files (x86)/atmel/studio/7.0/toolchain/arm/arm-gnu-toolchain/bin/../lib/gcc/arm-none-eabi/6.3.1/../../../../arm-none-eabi/lib/thumb/v7-m\libc_nano.a(lib_a-fflush.o)
                0x000834c8                __sflush_r
 .text._fflush_r
                0x000835d8       0x54 c:/program files (x86)/atmel/studio/7.0/toolchain/arm/arm-gnu-toolchain/bin/../lib/gcc/arm-none-eabi/6.3.1/../../../../arm-none-eabi/lib/thumb/v7-m\libc_nano.a(lib_a-fflush.o)
                0x000835d8                _fflush_r
 .text._cleanup_r
                0x0008362c        0xc c:/program files (x86)/atmel/studio/7.0/toolchain/arm/arm-gnu-toolchain/bin/../lib/gcc/arm-none-eabi/6.3.1/../../../../arm-none-eabi/lib/thumb/v7-m\libc_nano.a(lib_a-findfp.o)
                0x0008362c                _cleanup_r
 .text.std.isra.0
                0x00083638       0x48 c:/program files (x86)/atmel/studio/7.0/toolchain/arm/arm-gnu-toolchain/bin/../lib/gcc/arm-none-eabi/6.3.1/../../../../arm-none-eabi/lib/thumb/v7-m\libc_nano.a(lib_a-findfp.o)
 .text.__sfmoreglue
                0x00083680       0x2c c:/program files (x86)/atmel/studio/7.0/toolchain/arm/arm-gnu-toolchain/bin/../lib/gcc/arm-none-eabi/6.3.1/../../../../arm-none-eabi/lib/thumb/v7-m\libc_nano.a(lib_a-findfp.o)
                0x00083680                __sfmoreglue
 .text.__sinit  0x000836ac       0x60 c:/program files (x86)/atmel/studio/7.0/toolchain/arm/arm-gnu-toolchain/bin/../lib/gcc/arm-none-eabi/6.3.1/../../../../arm-none-eabi/lib/thumb/v7-m\libc_nano.a(lib_a-findfp.o)
                0x000836ac                __sinit
 .text.__sfp    0x0008370c       0x78 c:/program files (x86)/atmel/studio/7.0/toolchain/arm/arm-gnu-toolchain/bin/../lib/gcc/arm-none-eabi/6.3.1/../../../../arm-none-eabi/lib/thumb/v7-m\libc_nano.a(lib_a-findfp.o)
                0x0008370c                __sfp
 .text._fwalk_reent
                0x00083784       0x3c c:/program files (x86)/atmel/studio/7.0/toolchain/arm/arm-gnu-toolchain/bin/../lib/gcc/arm-none-eabi/6.3.1/../../../../arm-none-eabi/lib/thumb/v7-m\libc_nano.a(lib_a-fwalk.o)
                0x00083784                _fwalk_reent
 .text._localeconv_r
                0x000837c0       0x1c c:/program files (x86)/atmel/studio/7.0/toolchain/arm/arm-gnu-toolchain/bin/../lib/gcc/arm-none-eabi/6.3.1/../../../../arm-none-eabi/lib/thumb/v7-m\libc_nano.a(lib_a-localeconv.o)
                0x000837c0                _localeconv_r
 .text.__swhatbuf_r
                0x000837dc       0x48 c:/program files (x86)/atmel/studio/7.0/toolchain/arm/arm-gnu-toolchain/bin/../lib/gcc/arm-none-eabi/6.3.1/../../../../arm-none-eabi/lib/thumb/v7-m\libc_nano.a(lib_a-makebuf.o)
                0x000837dc                __swhatbuf_r
 .text.__smakebuf_r
                0x00083824       0x80 c:/program files (x86)/atmel/studio/7.0/toolchain/arm/arm-gnu-toolchain/bin/../lib/gcc/arm-none-eabi/6.3.1/../../../../arm-none-eabi/lib/thumb/v7-m\libc_nano.a(lib_a-makebuf.o)
                0x00083824                __smakebuf_r
 .text.malloc   0x000838a4       0x10 c:/program files (x86)/atmel/studio/7.0/toolchain/arm/arm-gnu-toolchain/bin/../lib/gcc/arm-none-eabi/6.3.1/../../../../arm-none-eabi/lib/thumb/v7-m\libc_nano.a(lib_a-malloc.o)
                0x000838a4                malloc
 .text.memchr   0x000838b4       0x1c c:/program files (x86)/atmel/studio/7.0/toolchain/arm/arm-gnu-toolchain/bin/../lib/gcc/arm-none-eabi/6.3.1/../../../../arm-none-eabi/lib/thumb/v7-m\libc_nano.a(lib_a-memchr-stub.o)
                0x000838b4                memchr
 .text.memcpy   0x000838d0       0x16 c:/program files (x86)/atmel/studio/7.0/toolchain/arm/arm-gnu-toolchain/bin/../lib/gcc/arm-none-eabi/6.3.1/../../../../arm-none-eabi/lib/thumb/v7-m\libc_nano.a(lib_a-memcpy-stub.o)
                0x000838d0                memcpy
 .text._Balloc  0x000838e6       0x68 c:/program files (x86)/atmel/studio/7.0/toolchain/arm/arm-gnu-toolchain/bin/../lib/gcc/arm-none-eabi/6.3.1/../../../../arm-none-eabi/lib/thumb/v7-m\libc_nano.a(lib_a-mprec.o)
                0x000838e6                _Balloc
 .text._Bfree   0x0008394e       0x2e c:/program files (x86)/atmel/studio/7.0/toolchain/arm/arm-gnu-toolchain/bin/../lib/gcc/arm-none-eabi/6.3.1/../../../../arm-none-eabi/lib/thumb/v7-m\libc_nano.a(lib_a-mprec.o)
                0x0008394e                _Bfree
 .text.__multadd
                0x0008397c       0x76 c:/program files (x86)/atmel/studio/7.0/toolchain/arm/arm-gnu-toolchain/bin/../lib/gcc/arm-none-eabi/6.3.1/../../../../arm-none-eabi/lib/thumb/v7-m\libc_nano.a(lib_a-mprec.o)
                0x0008397c                __multadd
 .text.__hi0bits
                0x000839f2       0x3e c:/program files (x86)/atmel/studio/7.0/toolchain/arm/arm-gnu-toolchain/bin/../lib/gcc/arm-none-eabi/6.3.1/../../../../arm-none-eabi/lib/thumb/v7-m\libc_nano.a(lib_a-mprec.o)
                0x000839f2                __hi0bits
 .text.__lo0bits
                0x00083a30       0x5e c:/program files (x86)/atmel/studio/7.0/toolchain/arm/arm-gnu-toolchain/bin/../lib/gcc/arm-none-eabi/6.3.1/../../../../arm-none-eabi/lib/thumb/v7-m\libc_nano.a(lib_a-mprec.o)
                0x00083a30                __lo0bits
 .text.__i2b    0x00083a8e       0x12 c:/program files (x86)/atmel/studio/7.0/toolchain/arm/arm-gnu-toolchain/bin/../lib/gcc/arm-none-eabi/6.3.1/../../../../arm-none-eabi/lib/thumb/v7-m\libc_nano.a(lib_a-mprec.o)
                0x00083a8e                __i2b
 .text.__multiply
                0x00083aa0      0x118 c:/program files (x86)/atmel/studio/7.0/toolchain/arm/arm-gnu-toolchain/bin/../lib/gcc/arm-none-eabi/6.3.1/../../../../arm-none-eabi/lib/thumb/v7-m\libc_nano.a(lib_a-mprec.o)
                0x00083aa0                __multiply
 .text.__pow5mult
                0x00083bb8       0x9c c:/program files (x86)/atmel/studio/7.0/toolchain/arm/arm-gnu-toolchain/bin/../lib/gcc/arm-none-eabi/6.3.1/../../../../arm-none-eabi/lib/thumb/v7-m\libc_nano.a(lib_a-mprec.o)
                0x00083bb8                __pow5mult
 .text.__lshift
                0x00083c54       0xa2 c:/program files (x86)/atmel/studio/7.0/toolchain/arm/arm-gnu-toolchain/bin/../lib/gcc/arm-none-eabi/6.3.1/../../../../arm-none-eabi/lib/thumb/v7-m\libc_nano.a(lib_a-mprec.o)
                0x00083c54                __lshift
 .text.__mcmp   0x00083cf6       0x34 c:/program files (x86)/atmel/studio/7.0/toolchain/arm/arm-gnu-toolchain/bin/../lib/gcc/arm-none-eabi/6.3.1/../../../../arm-none-eabi/lib/thumb/v7-m\libc_nano.a(lib_a-mprec.o)
                0x00083cf6                __mcmp
 .text.__mdiff  0x00083d2a       0xbe c:/program files (x86)/atmel/studio/7.0/toolchain/arm/arm-gnu-toolchain/bin/../lib/gcc/arm-none-eabi/6.3.1/../../../../arm-none-eabi/lib/thumb/v7-m\libc_nano.a(lib_a-mprec.o)
                0x00083d2a                __mdiff
 .text.__d2b    0x00083de8       0x9e c:/program files (x86)/atmel/studio/7.0/toolchain/arm/arm-gnu-toolchain/bin/../lib/gcc/arm-none-eabi/6.3.1/../../../../arm-none-eabi/lib/thumb/v7-m\libc_nano.a(lib_a-mprec.o)
                0x00083de8                __d2b
 .text._calloc_r
                0x00083e86       0x1c c:/program files (x86)/atmel/studio/7.0/toolchain/arm/arm-gnu-toolchain/bin/../lib/gcc/arm-none-eabi/6.3.1/../../../../arm-none-eabi/lib/thumb/v7-m\libc_nano.a(lib_a-nano-callocr.o)
                0x00083e86                _calloc_r
 *fill*         0x00083ea2        0x2 
 .text._free_r  0x00083ea4       0x98 c:/program files (x86)/atmel/studio/7.0/toolchain/arm/arm-gnu-toolchain/bin/../lib/gcc/arm-none-eabi/6.3.1/../../../../arm-none-eabi/lib/thumb/v7-m\libc_nano.a(lib_a-nano-freer.o)
                0x00083ea4                _free_r
 .text._malloc_r
                0x00083f3c       0xbc c:/program files (x86)/atmel/studio/7.0/toolchain/arm/arm-gnu-toolchain/bin/../lib/gcc/arm-none-eabi/6.3.1/../../../../arm-none-eabi/lib/thumb/v7-m\libc_nano.a(lib_a-nano-mallocr.o)
                0x00083f3c                _malloc_r
 .text.__sfputc_r
                0x00083ff8       0x2c c:/program files (x86)/atmel/studio/7.0/toolchain/arm/arm-gnu-toolchain/bin/../lib/gcc/arm-none-eabi/6.3.1/../../../../arm-none-eabi/lib/thumb/v7-m\libc_nano.a(lib_a-nano-vfprintf.o)
 .text.__sfputs_r
                0x00084024       0x24 c:/program files (x86)/atmel/studio/7.0/toolchain/arm/arm-gnu-toolchain/bin/../lib/gcc/arm-none-eabi/6.3.1/../../../../arm-none-eabi/lib/thumb/v7-m\libc_nano.a(lib_a-nano-vfprintf.o)
                0x00084024                __sfputs_r
 .text._vfprintf_r
                0x00084048      0x22c c:/program files (x86)/atmel/studio/7.0/toolchain/arm/arm-gnu-toolchain/bin/../lib/gcc/arm-none-eabi/6.3.1/../../../../arm-none-eabi/lib/thumb/v7-m\libc_nano.a(lib_a-nano-vfprintf.o)
                0x00084048                _vfprintf_r
                0x00084048                _vfiprintf_r
 .text._sbrk_r  0x00084274       0x20 c:/program files (x86)/atmel/studio/7.0/toolchain/arm/arm-gnu-toolchain/bin/../lib/gcc/arm-none-eabi/6.3.1/../../../../arm-none-eabi/lib/thumb/v7-m\libc_nano.a(lib_a-sbrkr.o)
                0x00084274                _sbrk_r
 .text.__sread  0x00084294       0x22 c:/program files (x86)/atmel/studio/7.0/toolchain/arm/arm-gnu-toolchain/bin/../lib/gcc/arm-none-eabi/6.3.1/../../../../arm-none-eabi/lib/thumb/v7-m\libc_nano.a(lib_a-stdio.o)
                0x00084294                __sread
 .text.__swrite
                0x000842b6       0x38 c:/program files (x86)/atmel/studio/7.0/toolchain/arm/arm-gnu-toolchain/bin/../lib/gcc/arm-none-eabi/6.3.1/../../../../arm-none-eabi/lib/thumb/v7-m\libc_nano.a(lib_a-stdio.o)
                0x000842b6                __swrite
 .text.__sseek  0x000842ee       0x24 c:/program files (x86)/atmel/studio/7.0/toolchain/arm/arm-gnu-toolchain/bin/../lib/gcc/arm-none-eabi/6.3.1/../../../../arm-none-eabi/lib/thumb/v7-m\libc_nano.a(lib_a-stdio.o)
                0x000842ee                __sseek
 .text.__sclose
                0x00084312        0x8 c:/program files (x86)/atmel/studio/7.0/toolchain/arm/arm-gnu-toolchain/bin/../lib/gcc/arm-none-eabi/6.3.1/../../../../arm-none-eabi/lib/thumb/v7-m\libc_nano.a(lib_a-stdio.o)
                0x00084312                __sclose
 *fill*         0x0008431a        0x2 
 .text._write_r
                0x0008431c       0x24 c:/program files (x86)/atmel/studio/7.0/toolchain/arm/arm-gnu-toolchain/bin/../lib/gcc/arm-none-eabi/6.3.1/../../../../arm-none-eabi/lib/thumb/v7-m\libc_nano.a(lib_a-writer.o)
                0x0008431c                _write_r
 .text._close_r
                0x00084340       0x20 c:/program files (x86)/atmel/studio/7.0/toolchain/arm/arm-gnu-toolchain/bin/../lib/gcc/arm-none-eabi/6.3.1/../../../../arm-none-eabi/lib/thumb/v7-m\libc_nano.a(lib_a-closer.o)
                0x00084340                _close_r
 .text._fstat_r
                0x00084360       0x24 c:/program files (x86)/atmel/studio/7.0/toolchain/arm/arm-gnu-toolchain/bin/../lib/gcc/arm-none-eabi/6.3.1/../../../../arm-none-eabi/lib/thumb/v7-m\libc_nano.a(lib_a-fstatr.o)
                0x00084360                _fstat_r
 .text._isatty_r
                0x00084384       0x20 c:/program files (x86)/atmel/studio/7.0/toolchain/arm/arm-gnu-toolchain/bin/../lib/gcc/arm-none-eabi/6.3.1/../../../../arm-none-eabi/lib/thumb/v7-m\libc_nano.a(lib_a-isattyr.o)
                0x00084384                _isatty_r
 .text._lseek_r
                0x000843a4       0x24 c:/program files (x86)/atmel/studio/7.0/toolchain/arm/arm-gnu-toolchain/bin/../lib/gcc/arm-none-eabi/6.3.1/../../../../arm-none-eabi/lib/thumb/v7-m\libc_nano.a(lib_a-lseekr.o)
                0x000843a4                _lseek_r
 .text.__ascii_mbtowc
                0x000843c8       0x24 c:/program files (x86)/atmel/studio/7.0/toolchain/arm/arm-gnu-toolchain/bin/../lib/gcc/arm-none-eabi/6.3.1/../../../../arm-none-eabi/lib/thumb/v7-m\libc_nano.a(lib_a-mbtowc_r.o)
                0x000843c8                __ascii_mbtowc
 .text.__malloc_lock
                0x000843ec        0x2 c:/program files (x86)/atmel/studio/7.0/toolchain/arm/arm-gnu-toolchain/bin/../lib/gcc/arm-none-eabi/6.3.1/../../../../arm-none-eabi/lib/thumb/v7-m\libc_nano.a(lib_a-mlock.o)
                0x000843ec                __malloc_lock
 .text.__malloc_unlock
                0x000843ee        0x2 c:/program files (x86)/atmel/studio/7.0/toolchain/arm/arm-gnu-toolchain/bin/../lib/gcc/arm-none-eabi/6.3.1/../../../../arm-none-eabi/lib/thumb/v7-m\libc_nano.a(lib_a-mlock.o)
                0x000843ee                __malloc_unlock
 .text._read_r  0x000843f0       0x24 c:/program files (x86)/atmel/studio/7.0/toolchain/arm/arm-gnu-toolchain/bin/../lib/gcc/arm-none-eabi/6.3.1/../../../../arm-none-eabi/lib/thumb/v7-m\libc_nano.a(lib_a-readr.o)
                0x000843f0                _read_r
 .text.__ascii_wctomb
                0x00084414       0x1a c:/program files (x86)/atmel/studio/7.0/toolchain/arm/arm-gnu-toolchain/bin/../lib/gcc/arm-none-eabi/6.3.1/../../../../arm-none-eabi/lib/thumb/v7-m\libc_nano.a(lib_a-wctomb_r.o)
                0x00084414                __ascii_wctomb
 *fill*         0x0008442e        0x2 
 .text          0x00084430      0x370 c:/program files (x86)/atmel/studio/7.0/toolchain/arm/arm-gnu-toolchain/bin/../lib/gcc/arm-none-eabi/6.3.1/thumb/v7-m\libgcc.a(_arm_addsubdf3.o)
                0x00084430                __aeabi_drsub
                0x00084438                __aeabi_dsub
                0x00084438                __subdf3
                0x0008443c                __aeabi_dadd
                0x0008443c                __adddf3
                0x000846b4                __floatunsidf
                0x000846b4                __aeabi_ui2d
                0x000846d4                __floatsidf
                0x000846d4                __aeabi_i2d
                0x000846f8                __aeabi_f2d
                0x000846f8                __extendsfdf2
                0x00084734                __floatundidf
                0x00084734                __aeabi_ul2d
                0x00084744                __floatdidf
                0x00084744                __aeabi_l2d
 .text          0x000847a0      0x424 c:/program files (x86)/atmel/studio/7.0/toolchain/arm/arm-gnu-toolchain/bin/../lib/gcc/arm-none-eabi/6.3.1/thumb/v7-m\libgcc.a(_arm_muldivdf3.o)
                0x000847a0                __aeabi_dmul
                0x000847a0                __muldf3
                0x000849f4                __divdf3
                0x000849f4                __aeabi_ddiv
 .text          0x00084bc4      0x110 c:/program files (x86)/atmel/studio/7.0/toolchain/arm/arm-gnu-toolchain/bin/../lib/gcc/arm-none-eabi/6.3.1/thumb/v7-m\libgcc.a(_arm_cmpdf2.o)
                0x00084bc4                __gtdf2
                0x00084bc4                __gedf2
                0x00084bcc                __ltdf2
                0x00084bcc                __ledf2
                0x00084bd4                __nedf2
                0x00084bd4                __eqdf2
                0x00084bd4                __cmpdf2
                0x00084c50                __aeabi_cdrcmple
                0x00084c60                __aeabi_cdcmpeq
                0x00084c60                __aeabi_cdcmple
                0x00084c70                __aeabi_dcmpeq
                0x00084c84                __aeabi_dcmplt
                0x00084c98                __aeabi_dcmple
                0x00084cac                __aeabi_dcmpge
                0x00084cc0                __aeabi_dcmpgt
 .text          0x00084cd4       0x2c c:/program files (x86)/atmel/studio/7.0/toolchain/arm/arm-gnu-toolchain/bin/../lib/gcc/arm-none-eabi/6.3.1/thumb/v7-m\libgcc.a(_arm_unorddf2.o)
                0x00084cd4                __unorddf2
                0x00084cd4                __aeabi_dcmpun
 .text          0x00084d00       0x50 c:/program files (x86)/atmel/studio/7.0/toolchain/arm/arm-gnu-toolchain/bin/../lib/gcc/arm-none-eabi/6.3.1/thumb/v7-m\libgcc.a(_arm_fixdfsi.o)
                0x00084d00                __aeabi_d2iz
                0x00084d00                __fixdfsi
 .text          0x00084d50       0xa0 c:/program files (x86)/atmel/studio/7.0/toolchain/arm/arm-gnu-toolchain/bin/../lib/gcc/arm-none-eabi/6.3.1/thumb/v7-m\libgcc.a(_arm_truncdfsf2.o)
                0x00084d50                __truncdfsf2
                0x00084d50                __aeabi_d2f
 .text          0x00084df0      0x21c c:/program files (x86)/atmel/studio/7.0/toolchain/arm/arm-gnu-toolchain/bin/../lib/gcc/arm-none-eabi/6.3.1/thumb/v7-m\libgcc.a(_arm_addsubsf3.o)
                0x00084df0                __aeabi_frsub
                0x00084df8                __subsf3
                0x00084df8                __aeabi_fsub
                0x00084dfc                __aeabi_fadd
                0x00084dfc                __addsf3
                0x00084f5c                __aeabi_ui2f
                0x00084f5c                __floatunsisf
                0x00084f64                __aeabi_i2f
                0x00084f64                __floatsisf
                0x00084f80                __aeabi_ul2f
                0x00084f80                __floatundisf
                0x00084f90                __aeabi_l2f
                0x00084f90                __floatdisf
 .text          0x0008500c      0x2a0 c:/program files (x86)/atmel/studio/7.0/toolchain/arm/arm-gnu-toolchain/bin/../lib/gcc/arm-none-eabi/6.3.1/thumb/v7-m\libgcc.a(_arm_muldivsf3.o)
                0x0008500c                __mulsf3
                0x0008500c                __aeabi_fmul
                0x00085174                __aeabi_fdiv
                0x00085174                __divsf3
 .text          0x000852ac       0xec c:/program files (x86)/atmel/studio/7.0/toolchain/arm/arm-gnu-toolchain/bin/../lib/gcc/arm-none-eabi/6.3.1/thumb/v7-m\libgcc.a(_arm_cmpsf2.o)
                0x000852ac                __gesf2
                0x000852ac                __gtsf2
                0x000852b4                __lesf2
                0x000852b4                __ltsf2
                0x000852bc                __nesf2
                0x000852bc                __eqsf2
                0x000852bc                __cmpsf2
                0x0008531c                __aeabi_cfrcmple
                0x00085324                __aeabi_cfcmpeq
                0x00085324                __aeabi_cfcmple
                0x00085334                __aeabi_fcmpeq
                0x00085348                __aeabi_fcmplt
                0x0008535c                __aeabi_fcmple
                0x00085370                __aeabi_fcmpge
                0x00085384                __aeabi_fcmpgt
 .text          0x00085398       0x40 c:/program files (x86)/atmel/studio/7.0/toolchain/arm/arm-gnu-toolchain/bin/../lib/gcc/arm-none-eabi/6.3.1/thumb/v7-m\libgcc.a(_arm_fixunssfsi.o)
                0x00085398                __fixunssfsi
                0x00085398                __aeabi_f2uiz
 *(.glue_7t)
 .glue_7t       0x000853d8        0x0 linker stubs
 *(.glue_7)
 .glue_7        0x000853d8        0x0 linker stubs
 *(.rodata .rodata* .gnu.linkonce.r.*)
 .rodata.main.str1.4
                0x000853d8       0x4c src/TP3.o
 .rodata.str1.4
                0x00085424       0x30 ../../bibliotheque pour TPs\libRobot.a(robot.o)
                                 0x2e (size before relaxing)
 .rodata        0x00085454      0x120 ../../bibliotheque pour TPs\libTPsIUT.a(libTPIUT.o)
 .rodata._global_impure_ptr
                0x00085574        0x4 c:/program files (x86)/atmel/studio/7.0/toolchain/arm/arm-gnu-toolchain/bin/../lib/gcc/arm-none-eabi/6.3.1/../../../../arm-none-eabi/lib/thumb/v7-m\libc_nano.a(lib_a-impure.o)
                0x00085574                _global_impure_ptr
 .rodata._printf_float.str1.1
                0x00085578       0x12 c:/program files (x86)/atmel/studio/7.0/toolchain/arm/arm-gnu-toolchain/bin/../lib/gcc/arm-none-eabi/6.3.1/../../../../arm-none-eabi/lib/thumb/v7-m\libc_nano.a(lib_a-nano-vfprintf_float.o)
 .rodata._printf_i.str1.1
                0x0008558a       0x22 c:/program files (x86)/atmel/studio/7.0/toolchain/arm/arm-gnu-toolchain/bin/../lib/gcc/arm-none-eabi/6.3.1/../../../../arm-none-eabi/lib/thumb/v7-m\libc_nano.a(lib_a-nano-vfprintf_i.o)
 .rodata._dtoa_r.str1.1
                0x000855ac        0xd c:/program files (x86)/atmel/studio/7.0/toolchain/arm/arm-gnu-toolchain/bin/../lib/gcc/arm-none-eabi/6.3.1/../../../../arm-none-eabi/lib/thumb/v7-m\libc_nano.a(lib_a-dtoa.o)
                                  0xf (size before relaxing)
 *fill*         0x000855b9        0x3 
 .rodata.__sf_fake_stderr
                0x000855bc       0x20 c:/program files (x86)/atmel/studio/7.0/toolchain/arm/arm-gnu-toolchain/bin/../lib/gcc/arm-none-eabi/6.3.1/../../../../arm-none-eabi/lib/thumb/v7-m\libc_nano.a(lib_a-findfp.o)
                0x000855bc                __sf_fake_stderr
 .rodata.__sf_fake_stdin
                0x000855dc       0x20 c:/program files (x86)/atmel/studio/7.0/toolchain/arm/arm-gnu-toolchain/bin/../lib/gcc/arm-none-eabi/6.3.1/../../../../arm-none-eabi/lib/thumb/v7-m\libc_nano.a(lib_a-findfp.o)
                0x000855dc                __sf_fake_stdin
 .rodata.__sf_fake_stdout
                0x000855fc       0x20 c:/program files (x86)/atmel/studio/7.0/toolchain/arm/arm-gnu-toolchain/bin/../lib/gcc/arm-none-eabi/6.3.1/../../../../arm-none-eabi/lib/thumb/v7-m\libc_nano.a(lib_a-findfp.o)
                0x000855fc                __sf_fake_stdout
 *fill*         0x0008561c        0x4 
 .rodata.__mprec_bigtens
                0x00085620       0x28 c:/program files (x86)/atmel/studio/7.0/toolchain/arm/arm-gnu-toolchain/bin/../lib/gcc/arm-none-eabi/6.3.1/../../../../arm-none-eabi/lib/thumb/v7-m\libc_nano.a(lib_a-mprec.o)
                0x00085620                __mprec_bigtens
 .rodata.__mprec_tens
                0x00085648       0xc8 c:/program files (x86)/atmel/studio/7.0/toolchain/arm/arm-gnu-toolchain/bin/../lib/gcc/arm-none-eabi/6.3.1/../../../../arm-none-eabi/lib/thumb/v7-m\libc_nano.a(lib_a-mprec.o)
                0x00085648                __mprec_tens
 .rodata.p05.6047
                0x00085710        0xc c:/program files (x86)/atmel/studio/7.0/toolchain/arm/arm-gnu-toolchain/bin/../lib/gcc/arm-none-eabi/6.3.1/../../../../arm-none-eabi/lib/thumb/v7-m\libc_nano.a(lib_a-mprec.o)
 .rodata._vfprintf_r.str1.1
                0x0008571c       0x11 c:/program files (x86)/atmel/studio/7.0/toolchain/arm/arm-gnu-toolchain/bin/../lib/gcc/arm-none-eabi/6.3.1/../../../../arm-none-eabi/lib/thumb/v7-m\libc_nano.a(lib_a-nano-vfprintf.o)
 .rodata._setlocale_r.str1.1
                0x0008572d        0x8 c:/program files (x86)/atmel/studio/7.0/toolchain/arm/arm-gnu-toolchain/bin/../lib/gcc/arm-none-eabi/6.3.1/../../../../arm-none-eabi/lib/thumb/v7-m\libc_nano.a(lib_a-locale.o)
                                  0x9 (size before relaxing)
 .rodata.str1.1
                0x00085735        0x2 c:/program files (x86)/atmel/studio/7.0/toolchain/arm/arm-gnu-toolchain/bin/../lib/gcc/arm-none-eabi/6.3.1/../../../../arm-none-eabi/lib/thumb/v7-m\libc_nano.a(lib_a-locale.o)
 .rodata._ctype_
                0x00085737      0x101 c:/program files (x86)/atmel/studio/7.0/toolchain/arm/arm-gnu-toolchain/bin/../lib/gcc/arm-none-eabi/6.3.1/../../../../arm-none-eabi/lib/thumb/v7-m\libc_nano.a(lib_a-ctype_.o)
                0x00085737                _ctype_
 *(.ARM.extab* .gnu.linkonce.armextab.*)
                0x00085838                . = ALIGN (0x4)
 *(.init)
 .init          0x00085838        0x4 c:/program files (x86)/atmel/studio/7.0/toolchain/arm/arm-gnu-toolchain/bin/../lib/gcc/arm-none-eabi/6.3.1/thumb/v7-m/crti.o
                0x00085838                _init
 .init          0x0008583c        0x8 c:/program files (x86)/atmel/studio/7.0/toolchain/arm/arm-gnu-toolchain/bin/../lib/gcc/arm-none-eabi/6.3.1/thumb/v7-m/crtn.o
                0x00085844                . = ALIGN (0x4)
                0x00085844                __preinit_array_start = .
 *(.preinit_array)
                0x00085844                __preinit_array_end = .
                0x00085844                . = ALIGN (0x4)
                0x00085844                __init_array_start = .
 *(SORT(.init_array.*))
 *(.init_array)
 .init_array    0x00085844        0x4 c:/program files (x86)/atmel/studio/7.0/toolchain/arm/arm-gnu-toolchain/bin/../lib/gcc/arm-none-eabi/6.3.1/thumb/v7-m/crtbegin.o
                0x00085848                __init_array_end = .
                0x00085848                . = ALIGN (0x4)
 *crtbegin.o(.ctors)
 *(EXCLUDE_FILE(*crtend.o) .ctors)
 *(SORT(.ctors.*))
 *crtend.o(.ctors)
                0x00085848                . = ALIGN (0x4)
 *(.fini)
 .fini          0x00085848        0x4 c:/program files (x86)/atmel/studio/7.0/toolchain/arm/arm-gnu-toolchain/bin/../lib/gcc/arm-none-eabi/6.3.1/thumb/v7-m/crti.o
                0x00085848                _fini
 .fini          0x0008584c        0x8 c:/program files (x86)/atmel/studio/7.0/toolchain/arm/arm-gnu-toolchain/bin/../lib/gcc/arm-none-eabi/6.3.1/thumb/v7-m/crtn.o
                0x00085854                . = ALIGN (0x4)
                0x00085854                __fini_array_start = .
 *(.fini_array)
 .fini_array    0x00085854        0x4 c:/program files (x86)/atmel/studio/7.0/toolchain/arm/arm-gnu-toolchain/bin/../lib/gcc/arm-none-eabi/6.3.1/thumb/v7-m/crtbegin.o
 *(SORT(.fini_array.*))
                0x00085858                __fini_array_end = .
 *crtbegin.o(.dtors)
 *(EXCLUDE_FILE(*crtend.o) .dtors)
 *(SORT(.dtors.*))
 *crtend.o(.dtors)
                0x00085858                . = ALIGN (0x4)
                0x00085858                _efixed = .
                [!provide]                PROVIDE (__exidx_start, .)

.vfp11_veneer   0x00085858        0x0
 .vfp11_veneer  0x00085858        0x0 linker stubs

.v4_bx          0x00085858        0x0
 .v4_bx         0x00085858        0x0 linker stubs

.iplt           0x00085858        0x0
 .iplt          0x00085858        0x0 c:/program files (x86)/atmel/studio/7.0/toolchain/arm/arm-gnu-toolchain/bin/../lib/gcc/arm-none-eabi/6.3.1/thumb/v7-m/crtbegin.o

.eh_frame       0x00085858        0x0
 .eh_frame      0x00085858        0x0 c:/program files (x86)/atmel/studio/7.0/toolchain/arm/arm-gnu-toolchain/bin/../lib/gcc/arm-none-eabi/6.3.1/thumb/v7-m/crtbegin.o

.rel.dyn        0x00085858        0x0
 .rel.iplt      0x00085858        0x0 c:/program files (x86)/atmel/studio/7.0/toolchain/arm/arm-gnu-toolchain/bin/../lib/gcc/arm-none-eabi/6.3.1/thumb/v7-m/crtbegin.o

.jcr            0x00085858        0x0
 .jcr           0x00085858        0x0 c:/program files (x86)/atmel/studio/7.0/toolchain/arm/arm-gnu-toolchain/bin/../lib/gcc/arm-none-eabi/6.3.1/thumb/v7-m/crtbegin.o

.igot.plt       0x00085858        0x0
 .igot.plt      0x00085858        0x0 c:/program files (x86)/atmel/studio/7.0/toolchain/arm/arm-gnu-toolchain/bin/../lib/gcc/arm-none-eabi/6.3.1/thumb/v7-m/crtbegin.o

.ARM.exidx
 *(.ARM.exidx* .gnu.linkonce.armexidx.*)
                [!provide]                PROVIDE (__exidx_end, .)
                0x00085858                . = ALIGN (0x4)
                0x00085858                _etext = .

.relocate       0x20070000      0x38c load address 0x00085858
                0x20070000                . = ALIGN (0x4)
                0x20070000                _srelocate = .
 *(.ramfunc .ramfunc.*)
 .ramfunc       0x20070000      0x12c src/ASF/sam/utils/cmsis/sam3x/source/templates/system_sam3x.o
                0x20070000                SystemInit
                0x200700a4                system_init_flash
 *(.data .data.*)
 .data.g_interrupt_enabled
                0x2007012c        0x1 src/ASF/common/utils/interrupt/interrupt_sam_nvic.o
                0x2007012c                g_interrupt_enabled
 *fill*         0x2007012d        0x3 
 .data.SystemCoreClock
                0x20070130        0x4 src/ASF/sam/utils/cmsis/sam3x/source/templates/system_sam3x.o
                0x20070130                SystemCoreClock
 .data          0x20070134       0x64 ../../bibliotheque pour TPs\libRobot.a(robot.o)
                0x20070134                _ports
                0x20070148                _lignes
                0x2007015c                _genes
                0x20070170                _angles_min
                0x20070184                _angles_max
 .data          0x20070198       0x24 ../../bibliotheque pour TPs\libTPsIUT.a(libTPIUT.o)
                0x20070198                canauxTimers
 .data._impure_ptr
                0x200701bc        0x4 c:/program files (x86)/atmel/studio/7.0/toolchain/arm/arm-gnu-toolchain/bin/../lib/gcc/arm-none-eabi/6.3.1/../../../../arm-none-eabi/lib/thumb/v7-m\libc_nano.a(lib_a-impure.o)
                0x200701bc                _impure_ptr
 .data.impure_data
                0x200701c0       0x60 c:/program files (x86)/atmel/studio/7.0/toolchain/arm/arm-gnu-toolchain/bin/../lib/gcc/arm-none-eabi/6.3.1/../../../../arm-none-eabi/lib/thumb/v7-m\libc_nano.a(lib_a-impure.o)
 .data.__global_locale
                0x20070220      0x16c c:/program files (x86)/atmel/studio/7.0/toolchain/arm/arm-gnu-toolchain/bin/../lib/gcc/arm-none-eabi/6.3.1/../../../../arm-none-eabi/lib/thumb/v7-m\libc_nano.a(lib_a-locale.o)
                0x20070220                __global_locale
                0x2007038c                . = ALIGN (0x4)
                0x2007038c                _erelocate = .

.bss            0x2007038c      0x298 load address 0x00085be4
                0x2007038c                . = ALIGN (0x4)
                0x2007038c                _sbss = .
                0x2007038c                _szero = .
 *(.bss .bss.*)
 .bss           0x2007038c       0x1c c:/program files (x86)/atmel/studio/7.0/toolchain/arm/arm-gnu-toolchain/bin/../lib/gcc/arm-none-eabi/6.3.1/thumb/v7-m/crtbegin.o
 .bss.heap.5297
                0x200703a8        0x4 src/ASF/sam/utils/syscalls/gcc/syscalls.o
 .bss           0x200703ac      0x258 ../../bibliotheque pour TPs\libTPsIUT.a(libTPIUT.o)
 .bss.__malloc_free_list
                0x20070604        0x4 c:/program files (x86)/atmel/studio/7.0/toolchain/arm/arm-gnu-toolchain/bin/../lib/gcc/arm-none-eabi/6.3.1/../../../../arm-none-eabi/lib/thumb/v7-m\libc_nano.a(lib_a-nano-mallocr.o)
                0x20070604                __malloc_free_list
 .bss.__malloc_sbrk_start
                0x20070608        0x4 c:/program files (x86)/atmel/studio/7.0/toolchain/arm/arm-gnu-toolchain/bin/../lib/gcc/arm-none-eabi/6.3.1/../../../../arm-none-eabi/lib/thumb/v7-m\libc_nano.a(lib_a-nano-mallocr.o)
                0x20070608                __malloc_sbrk_start
 *(COMMON)
 COMMON         0x2007060c       0x14 ../../bibliotheque pour TPs\libRobot.a(robot.o)
                0x2007060c                _positions_moteurs
 COMMON         0x20070620        0x4 c:/program files (x86)/atmel/studio/7.0/toolchain/arm/arm-gnu-toolchain/bin/../lib/gcc/arm-none-eabi/6.3.1/../../../../arm-none-eabi/lib/thumb/v7-m\libc_nano.a(lib_a-reent.o)
                0x20070620                errno
                0x20070624                . = ALIGN (0x4)
                0x20070624                _ebss = .
                0x20070624                _ezero = .

.stack          0x20070624     0x2004 load address 0x00085e7c
                0x20070628                . = ALIGN (0x8)
 *fill*         0x20070624        0x4 
                0x20070628                _sstack = .
                0x20072628                . = (. + __stack_size__)
 *fill*         0x20070628     0x2000 
                0x20072628                . = ALIGN (0x8)
                0x20072628                _estack = .
                0x20072628                . = ALIGN (0x4)
                0x20072628                _end = .
OUTPUT(ModeleTP.elf elf32-littlearm)

.ARM.attributes
                0x00000000       0x29
 .ARM.attributes
                0x00000000       0x1d c:/program files (x86)/atmel/studio/7.0/toolchain/arm/arm-gnu-toolchain/bin/../lib/gcc/arm-none-eabi/6.3.1/thumb/v7-m/crti.o
 .ARM.attributes
                0x0000001d       0x2d c:/program files (x86)/atmel/studio/7.0/toolchain/arm/arm-gnu-toolchain/bin/../lib/gcc/arm-none-eabi/6.3.1/thumb/v7-m/crtbegin.o
 .ARM.attributes
                0x0000004a       0x33 src/TP3.o
 .ARM.attributes
                0x0000007d       0x33 src/ASF/common/utils/interrupt/interrupt_sam_nvic.o
 .ARM.attributes
                0x000000b0       0x33 src/ASF/sam/utils/cmsis/sam3x/source/templates/exceptions.o
 .ARM.attributes
                0x000000e3       0x33 src/ASF/sam/utils/cmsis/sam3x/source/templates/gcc/startup_sam3x.o
 .ARM.attributes
                0x00000116       0x33 src/ASF/sam/utils/cmsis/sam3x/source/templates/system_sam3x.o
 .ARM.attributes
                0x00000149       0x33 src/ASF/sam/utils/syscalls/gcc/syscalls.o
 .ARM.attributes
                0x0000017c       0x33 ../../bibliotheque pour TPs\libRobot.a(robot.o)
 .ARM.attributes
                0x000001af       0x33 ../../bibliotheque pour TPs\libTPsIUT.a(libTPIUT.o)
 .ARM.attributes
                0x000001e2       0x2d c:/program files (x86)/atmel/studio/7.0/toolchain/arm/arm-gnu-toolchain/bin/../lib/gcc/arm-none-eabi/6.3.1/../../../../arm-none-eabi/lib/thumb/v7-m\libc_nano.a(lib_a-impure.o)
 .ARM.attributes
                0x0000020f       0x2d c:/program files (x86)/atmel/studio/7.0/toolchain/arm/arm-gnu-toolchain/bin/../lib/gcc/arm-none-eabi/6.3.1/../../../../arm-none-eabi/lib/thumb/v7-m\libc_nano.a(lib_a-init.o)
 .ARM.attributes
                0x0000023c       0x2d c:/program files (x86)/atmel/studio/7.0/toolchain/arm/arm-gnu-toolchain/bin/../lib/gcc/arm-none-eabi/6.3.1/../../../../arm-none-eabi/lib/thumb/v7-m\libc_nano.a(lib_a-memset.o)
 .ARM.attributes
                0x00000269       0x2d c:/program files (x86)/atmel/studio/7.0/toolchain/arm/arm-gnu-toolchain/bin/../lib/gcc/arm-none-eabi/6.3.1/../../../../arm-none-eabi/lib/thumb/v7-m\libc_nano.a(lib_a-nano-vfprintf_float.o)
 .ARM.attributes
                0x00000296       0x2d c:/program files (x86)/atmel/studio/7.0/toolchain/arm/arm-gnu-toolchain/bin/../lib/gcc/arm-none-eabi/6.3.1/../../../../arm-none-eabi/lib/thumb/v7-m\libc_nano.a(lib_a-nano-vfprintf_i.o)
 .ARM.attributes
                0x000002c3       0x2d c:/program files (x86)/atmel/studio/7.0/toolchain/arm/arm-gnu-toolchain/bin/../lib/gcc/arm-none-eabi/6.3.1/../../../../arm-none-eabi/lib/thumb/v7-m\libc_nano.a(lib_a-printf.o)
 .ARM.attributes
                0x000002f0       0x2d c:/program files (x86)/atmel/studio/7.0/toolchain/arm/arm-gnu-toolchain/bin/../lib/gcc/arm-none-eabi/6.3.1/../../../../arm-none-eabi/lib/thumb/v7-m\libc_nano.a(lib_a-puts.o)
 .ARM.attributes
                0x0000031d       0x2d c:/program files (x86)/atmel/studio/7.0/toolchain/arm/arm-gnu-toolchain/bin/../lib/gcc/arm-none-eabi/6.3.1/../../../../arm-none-eabi/lib/thumb/v7-m\libc_nano.a(lib_a-setbuf.o)
 .ARM.attributes
                0x0000034a       0x2d c:/program files (x86)/atmel/studio/7.0/toolchain/arm/arm-gnu-toolchain/bin/../lib/gcc/arm-none-eabi/6.3.1/../../../../arm-none-eabi/lib/thumb/v7-m\libc_nano.a(lib_a-setvbuf.o)
 .ARM.attributes
                0x00000377       0x17 c:/program files (x86)/atmel/studio/7.0/toolchain/arm/arm-gnu-toolchain/bin/../lib/gcc/arm-none-eabi/6.3.1/../../../../arm-none-eabi/lib/thumb/v7-m\libc_nano.a(lib_a-strlen.o)
 .ARM.attributes
                0x0000038e       0x2d c:/program files (x86)/atmel/studio/7.0/toolchain/arm/arm-gnu-toolchain/bin/../lib/gcc/arm-none-eabi/6.3.1/../../../../arm-none-eabi/lib/thumb/v7-m\libc_nano.a(lib_a-wbuf.o)
 .ARM.attributes
                0x000003bb       0x2d c:/program files (x86)/atmel/studio/7.0/toolchain/arm/arm-gnu-toolchain/bin/../lib/gcc/arm-none-eabi/6.3.1/../../../../arm-none-eabi/lib/thumb/v7-m\libc_nano.a(lib_a-wsetup.o)
 .ARM.attributes
                0x000003e8       0x2d c:/program files (x86)/atmel/studio/7.0/toolchain/arm/arm-gnu-toolchain/bin/../lib/gcc/arm-none-eabi/6.3.1/../../../../arm-none-eabi/lib/thumb/v7-m\libc_nano.a(lib_a-dtoa.o)
 .ARM.attributes
                0x00000415       0x2d c:/program files (x86)/atmel/studio/7.0/toolchain/arm/arm-gnu-toolchain/bin/../lib/gcc/arm-none-eabi/6.3.1/../../../../arm-none-eabi/lib/thumb/v7-m\libc_nano.a(lib_a-fflush.o)
 .ARM.attributes
                0x00000442       0x2d c:/program files (x86)/atmel/studio/7.0/toolchain/arm/arm-gnu-toolchain/bin/../lib/gcc/arm-none-eabi/6.3.1/../../../../arm-none-eabi/lib/thumb/v7-m\libc_nano.a(lib_a-findfp.o)
 .ARM.attributes
                0x0000046f       0x2d c:/program files (x86)/atmel/studio/7.0/toolchain/arm/arm-gnu-toolchain/bin/../lib/gcc/arm-none-eabi/6.3.1/../../../../arm-none-eabi/lib/thumb/v7-m\libc_nano.a(lib_a-fwalk.o)
 .ARM.attributes
                0x0000049c       0x2d c:/program files (x86)/atmel/studio/7.0/toolchain/arm/arm-gnu-toolchain/bin/../lib/gcc/arm-none-eabi/6.3.1/../../../../arm-none-eabi/lib/thumb/v7-m\libc_nano.a(lib_a-localeconv.o)
 .ARM.attributes
                0x000004c9       0x2d c:/program files (x86)/atmel/studio/7.0/toolchain/arm/arm-gnu-toolchain/bin/../lib/gcc/arm-none-eabi/6.3.1/../../../../arm-none-eabi/lib/thumb/v7-m\libc_nano.a(lib_a-makebuf.o)
 .ARM.attributes
                0x000004f6       0x2d c:/program files (x86)/atmel/studio/7.0/toolchain/arm/arm-gnu-toolchain/bin/../lib/gcc/arm-none-eabi/6.3.1/../../../../arm-none-eabi/lib/thumb/v7-m\libc_nano.a(lib_a-malloc.o)
 .ARM.attributes
                0x00000523       0x2d c:/program files (x86)/atmel/studio/7.0/toolchain/arm/arm-gnu-toolchain/bin/../lib/gcc/arm-none-eabi/6.3.1/../../../../arm-none-eabi/lib/thumb/v7-m\libc_nano.a(lib_a-memchr-stub.o)
 .ARM.attributes
                0x00000550       0x2d c:/program files (x86)/atmel/studio/7.0/toolchain/arm/arm-gnu-toolchain/bin/../lib/gcc/arm-none-eabi/6.3.1/../../../../arm-none-eabi/lib/thumb/v7-m\libc_nano.a(lib_a-memcpy-stub.o)
 .ARM.attributes
                0x0000057d       0x2d c:/program files (x86)/atmel/studio/7.0/toolchain/arm/arm-gnu-toolchain/bin/../lib/gcc/arm-none-eabi/6.3.1/../../../../arm-none-eabi/lib/thumb/v7-m\libc_nano.a(lib_a-mprec.o)
 .ARM.attributes
                0x000005aa       0x2d c:/program files (x86)/atmel/studio/7.0/toolchain/arm/arm-gnu-toolchain/bin/../lib/gcc/arm-none-eabi/6.3.1/../../../../arm-none-eabi/lib/thumb/v7-m\libc_nano.a(lib_a-nano-callocr.o)
 .ARM.attributes
                0x000005d7       0x2d c:/program files (x86)/atmel/studio/7.0/toolchain/arm/arm-gnu-toolchain/bin/../lib/gcc/arm-none-eabi/6.3.1/../../../../arm-none-eabi/lib/thumb/v7-m\libc_nano.a(lib_a-nano-freer.o)
 .ARM.attributes
                0x00000604       0x2d c:/program files (x86)/atmel/studio/7.0/toolchain/arm/arm-gnu-toolchain/bin/../lib/gcc/arm-none-eabi/6.3.1/../../../../arm-none-eabi/lib/thumb/v7-m\libc_nano.a(lib_a-nano-mallocr.o)
 .ARM.attributes
                0x00000631       0x2d c:/program files (x86)/atmel/studio/7.0/toolchain/arm/arm-gnu-toolchain/bin/../lib/gcc/arm-none-eabi/6.3.1/../../../../arm-none-eabi/lib/thumb/v7-m\libc_nano.a(lib_a-nano-vfprintf.o)
 .ARM.attributes
                0x0000065e       0x2d c:/program files (x86)/atmel/studio/7.0/toolchain/arm/arm-gnu-toolchain/bin/../lib/gcc/arm-none-eabi/6.3.1/../../../../arm-none-eabi/lib/thumb/v7-m\libc_nano.a(lib_a-sbrkr.o)
 .ARM.attributes
                0x0000068b       0x2d c:/program files (x86)/atmel/studio/7.0/toolchain/arm/arm-gnu-toolchain/bin/../lib/gcc/arm-none-eabi/6.3.1/../../../../arm-none-eabi/lib/thumb/v7-m\libc_nano.a(lib_a-stdio.o)
 .ARM.attributes
                0x000006b8       0x2d c:/program files (x86)/atmel/studio/7.0/toolchain/arm/arm-gnu-toolchain/bin/../lib/gcc/arm-none-eabi/6.3.1/../../../../arm-none-eabi/lib/thumb/v7-m\libc_nano.a(lib_a-writer.o)
 .ARM.attributes
                0x000006e5       0x2d c:/program files (x86)/atmel/studio/7.0/toolchain/arm/arm-gnu-toolchain/bin/../lib/gcc/arm-none-eabi/6.3.1/../../../../arm-none-eabi/lib/thumb/v7-m\libc_nano.a(lib_a-closer.o)
 .ARM.attributes
                0x00000712       0x2d c:/program files (x86)/atmel/studio/7.0/toolchain/arm/arm-gnu-toolchain/bin/../lib/gcc/arm-none-eabi/6.3.1/../../../../arm-none-eabi/lib/thumb/v7-m\libc_nano.a(lib_a-fstatr.o)
 .ARM.attributes
                0x0000073f       0x2d c:/program files (x86)/atmel/studio/7.0/toolchain/arm/arm-gnu-toolchain/bin/../lib/gcc/arm-none-eabi/6.3.1/../../../../arm-none-eabi/lib/thumb/v7-m\libc_nano.a(lib_a-isattyr.o)
 .ARM.attributes
                0x0000076c       0x2d c:/program files (x86)/atmel/studio/7.0/toolchain/arm/arm-gnu-toolchain/bin/../lib/gcc/arm-none-eabi/6.3.1/../../../../arm-none-eabi/lib/thumb/v7-m\libc_nano.a(lib_a-locale.o)
 .ARM.attributes
                0x00000799       0x2d c:/program files (x86)/atmel/studio/7.0/toolchain/arm/arm-gnu-toolchain/bin/../lib/gcc/arm-none-eabi/6.3.1/../../../../arm-none-eabi/lib/thumb/v7-m\libc_nano.a(lib_a-lseekr.o)
 .ARM.attributes
                0x000007c6       0x2d c:/program files (x86)/atmel/studio/7.0/toolchain/arm/arm-gnu-toolchain/bin/../lib/gcc/arm-none-eabi/6.3.1/../../../../arm-none-eabi/lib/thumb/v7-m\libc_nano.a(lib_a-mbtowc_r.o)
 .ARM.attributes
                0x000007f3       0x2d c:/program files (x86)/atmel/studio/7.0/toolchain/arm/arm-gnu-toolchain/bin/../lib/gcc/arm-none-eabi/6.3.1/../../../../arm-none-eabi/lib/thumb/v7-m\libc_nano.a(lib_a-mlock.o)
 .ARM.attributes
                0x00000820       0x2d c:/program files (x86)/atmel/studio/7.0/toolchain/arm/arm-gnu-toolchain/bin/../lib/gcc/arm-none-eabi/6.3.1/../../../../arm-none-eabi/lib/thumb/v7-m\libc_nano.a(lib_a-readr.o)
 .ARM.attributes
                0x0000084d       0x2d c:/program files (x86)/atmel/studio/7.0/toolchain/arm/arm-gnu-toolchain/bin/../lib/gcc/arm-none-eabi/6.3.1/../../../../arm-none-eabi/lib/thumb/v7-m\libc_nano.a(lib_a-reent.o)
 .ARM.attributes
                0x0000087a       0x2d c:/program files (x86)/atmel/studio/7.0/toolchain/arm/arm-gnu-toolchain/bin/../lib/gcc/arm-none-eabi/6.3.1/../../../../arm-none-eabi/lib/thumb/v7-m\libc_nano.a(lib_a-wctomb_r.o)
 .ARM.attributes
                0x000008a7       0x2d c:/program files (x86)/atmel/studio/7.0/toolchain/arm/arm-gnu-toolchain/bin/../lib/gcc/arm-none-eabi/6.3.1/../../../../arm-none-eabi/lib/thumb/v7-m\libc_nano.a(lib_a-ctype_.o)
 .ARM.attributes
                0x000008d4       0x1d c:/program files (x86)/atmel/studio/7.0/toolchain/arm/arm-gnu-toolchain/bin/../lib/gcc/arm-none-eabi/6.3.1/thumb/v7-m\libgcc.a(_arm_addsubdf3.o)
 .ARM.attributes
                0x000008f1       0x1d c:/program files (x86)/atmel/studio/7.0/toolchain/arm/arm-gnu-toolchain/bin/../lib/gcc/arm-none-eabi/6.3.1/thumb/v7-m\libgcc.a(_arm_muldivdf3.o)
 .ARM.attributes
                0x0000090e       0x1d c:/program files (x86)/atmel/studio/7.0/toolchain/arm/arm-gnu-toolchain/bin/../lib/gcc/arm-none-eabi/6.3.1/thumb/v7-m\libgcc.a(_arm_cmpdf2.o)
 .ARM.attributes
                0x0000092b       0x1d c:/program files (x86)/atmel/studio/7.0/toolchain/arm/arm-gnu-toolchain/bin/../lib/gcc/arm-none-eabi/6.3.1/thumb/v7-m\libgcc.a(_arm_unorddf2.o)
 .ARM.attributes
                0x00000948       0x1d c:/program files (x86)/atmel/studio/7.0/toolchain/arm/arm-gnu-toolchain/bin/../lib/gcc/arm-none-eabi/6.3.1/thumb/v7-m\libgcc.a(_arm_fixdfsi.o)
 .ARM.attributes
                0x00000965       0x1d c:/program files (x86)/atmel/studio/7.0/toolchain/arm/arm-gnu-toolchain/bin/../lib/gcc/arm-none-eabi/6.3.1/thumb/v7-m\libgcc.a(_arm_truncdfsf2.o)
 .ARM.attributes
                0x00000982       0x1d c:/program files (x86)/atmel/studio/7.0/toolchain/arm/arm-gnu-toolchain/bin/../lib/gcc/arm-none-eabi/6.3.1/thumb/v7-m\libgcc.a(_arm_addsubsf3.o)
 .ARM.attributes
                0x0000099f       0x1d c:/program files (x86)/atmel/studio/7.0/toolchain/arm/arm-gnu-toolchain/bin/../lib/gcc/arm-none-eabi/6.3.1/thumb/v7-m\libgcc.a(_arm_muldivsf3.o)
 .ARM.attributes
                0x000009bc       0x1d c:/program files (x86)/atmel/studio/7.0/toolchain/arm/arm-gnu-toolchain/bin/../lib/gcc/arm-none-eabi/6.3.1/thumb/v7-m\libgcc.a(_arm_cmpsf2.o)
 .ARM.attributes
                0x000009d9       0x1d c:/program files (x86)/atmel/studio/7.0/toolchain/arm/arm-gnu-toolchain/bin/../lib/gcc/arm-none-eabi/6.3.1/thumb/v7-m\libgcc.a(_arm_fixunssfsi.o)
 .ARM.attributes
                0x000009f6       0x1d c:/program files (x86)/atmel/studio/7.0/toolchain/arm/arm-gnu-toolchain/bin/../lib/gcc/arm-none-eabi/6.3.1/thumb/v7-m/crtn.o

.comment        0x00000000       0xb4
 .comment       0x00000000       0x59 src/TP3.o
                                 0x5a (size before relaxing)
 .comment       0x00000059       0x5a src/ASF/common/utils/interrupt/interrupt_sam_nvic.o
 .comment       0x00000059       0x5a src/ASF/sam/utils/cmsis/sam3x/source/templates/exceptions.o
 .comment       0x00000059       0x5a src/ASF/sam/utils/cmsis/sam3x/source/templates/gcc/startup_sam3x.o
 .comment       0x00000059       0x5a src/ASF/sam/utils/cmsis/sam3x/source/templates/system_sam3x.o
 .comment       0x00000059       0x5a src/ASF/sam/utils/syscalls/gcc/syscalls.o
 .comment       0x00000059       0x5b ../../bibliotheque pour TPs\libRobot.a(robot.o)
                                 0x5c (size before relaxing)
 .comment       0x000000b4       0x5c ../../bibliotheque pour TPs\libTPsIUT.a(libTPIUT.o)

.debug_info     0x00000000     0xb1c0
 .debug_info    0x00000000     0x115e src/TP3.o
 .debug_info    0x0000115e      0xb01 src/ASF/common/utils/interrupt/interrupt_sam_nvic.o
 .debug_info    0x00001c5f      0xa39 src/ASF/sam/utils/cmsis/sam3x/source/templates/exceptions.o
 .debug_info    0x00002698      0xd1b src/ASF/sam/utils/cmsis/sam3x/source/templates/gcc/startup_sam3x.o
 .debug_info    0x000033b3      0xdc2 src/ASF/sam/utils/cmsis/sam3x/source/templates/system_sam3x.o
 .debug_info    0x00004175      0xddf src/ASF/sam/utils/syscalls/gcc/syscalls.o
 .debug_info    0x00004f54      0x6df ../../bibliotheque pour TPs\libRobot.a(robot.o)
 .debug_info    0x00005633     0x5b8d ../../bibliotheque pour TPs\libTPsIUT.a(libTPIUT.o)

.debug_abbrev   0x00000000     0x1357
 .debug_abbrev  0x00000000      0x297 src/TP3.o
 .debug_abbrev  0x00000297      0x212 src/ASF/common/utils/interrupt/interrupt_sam_nvic.o
 .debug_abbrev  0x000004a9      0x1a4 src/ASF/sam/utils/cmsis/sam3x/source/templates/exceptions.o
 .debug_abbrev  0x0000064d      0x1f2 src/ASF/sam/utils/cmsis/sam3x/source/templates/gcc/startup_sam3x.o
 .debug_abbrev  0x0000083f      0x1f4 src/ASF/sam/utils/cmsis/sam3x/source/templates/system_sam3x.o
 .debug_abbrev  0x00000a33      0x264 src/ASF/sam/utils/syscalls/gcc/syscalls.o
 .debug_abbrev  0x00000c97      0x194 ../../bibliotheque pour TPs\libRobot.a(robot.o)
 .debug_abbrev  0x00000e2b      0x52c ../../bibliotheque pour TPs\libTPsIUT.a(libTPIUT.o)

.debug_loc      0x00000000     0x3fca
 .debug_loc     0x00000000      0x218 src/TP3.o
 .debug_loc     0x00000218       0x6b src/ASF/sam/utils/cmsis/sam3x/source/templates/gcc/startup_sam3x.o
 .debug_loc     0x00000283      0x149 src/ASF/sam/utils/syscalls/gcc/syscalls.o
 .debug_loc     0x000003cc      0x3b9 ../../bibliotheque pour TPs\libRobot.a(robot.o)
 .debug_loc     0x00000785     0x3845 ../../bibliotheque pour TPs\libTPsIUT.a(libTPIUT.o)

.debug_aranges  0x00000000      0x498
 .debug_aranges
                0x00000000       0x28 src/TP3.o
 .debug_aranges
                0x00000028       0x28 src/ASF/common/utils/interrupt/interrupt_sam_nvic.o
 .debug_aranges
                0x00000050       0x20 src/ASF/sam/utils/cmsis/sam3x/source/templates/exceptions.o
 .debug_aranges
                0x00000070       0x20 src/ASF/sam/utils/cmsis/sam3x/source/templates/gcc/startup_sam3x.o
 .debug_aranges
                0x00000090       0x30 src/ASF/sam/utils/cmsis/sam3x/source/templates/system_sam3x.o
 .debug_aranges
                0x000000c0       0x60 src/ASF/sam/utils/syscalls/gcc/syscalls.o
 .debug_aranges
                0x00000120       0x38 ../../bibliotheque pour TPs\libRobot.a(robot.o)
 .debug_aranges
                0x00000158      0x340 ../../bibliotheque pour TPs\libTPsIUT.a(libTPIUT.o)

.debug_ranges   0x00000000      0x460
 .debug_ranges  0x00000000       0x18 src/TP3.o
 .debug_ranges  0x00000018       0x18 src/ASF/common/utils/interrupt/interrupt_sam_nvic.o
 .debug_ranges  0x00000030       0x10 src/ASF/sam/utils/cmsis/sam3x/source/templates/exceptions.o
 .debug_ranges  0x00000040       0x10 src/ASF/sam/utils/cmsis/sam3x/source/templates/gcc/startup_sam3x.o
 .debug_ranges  0x00000050       0x20 src/ASF/sam/utils/cmsis/sam3x/source/templates/system_sam3x.o
 .debug_ranges  0x00000070       0x50 src/ASF/sam/utils/syscalls/gcc/syscalls.o
 .debug_ranges  0x000000c0       0x40 ../../bibliotheque pour TPs\libRobot.a(robot.o)
 .debug_ranges  0x00000100      0x360 ../../bibliotheque pour TPs\libTPsIUT.a(libTPIUT.o)

.debug_macro    0x00000000    0x239c3
 .debug_macro   0x00000000      0x593 src/TP3.o
 .debug_macro   0x00000593      0x8ce src/TP3.o
 .debug_macro   0x00000e61       0x22 src/TP3.o
 .debug_macro   0x00000e83       0x87 src/TP3.o
 .debug_macro   0x00000f0a       0x51 src/TP3.o
 .debug_macro   0x00000f5b       0xef src/TP3.o
 .debug_macro   0x0000104a       0x6a src/TP3.o
 .debug_macro   0x000010b4      0x1df src/TP3.o
 .debug_macro   0x00001293       0x20 src/TP3.o
 .debug_macro   0x000012b3       0x3a src/TP3.o
 .debug_macro   0x000012ed       0x2d src/TP3.o
 .debug_macro   0x0000131a      0xbb1 src/TP3.o
 .debug_macro   0x00001ecb      0x16d src/TP3.o
 .debug_macro   0x00002038      0x644 src/TP3.o
 .debug_macro   0x0000267c       0x76 src/TP3.o
 .debug_macro   0x000026f2       0x16 src/TP3.o
 .debug_macro   0x00002708      0x6e4 src/TP3.o
 .debug_macro   0x00002dec       0x58 src/TP3.o
 .debug_macro   0x00002e44       0x35 src/TP3.o
 .debug_macro   0x00002e79       0x9c src/TP3.o
 .debug_macro   0x00002f15       0x16 src/TP3.o
 .debug_macro   0x00002f2b       0x35 src/TP3.o
 .debug_macro   0x00002f60      0x353 src/TP3.o
 .debug_macro   0x000032b3       0x10 src/TP3.o
 .debug_macro   0x000032c3       0x58 src/TP3.o
 .debug_macro   0x0000331b       0x1f src/TP3.o
 .debug_macro   0x0000333a       0x43 src/TP3.o
 .debug_macro   0x0000337d       0x20 src/TP3.o
 .debug_macro   0x0000339d      0x187 src/TP3.o
 .debug_macro   0x00003524       0x10 src/TP3.o
 .debug_macro   0x00003534       0x1c src/TP3.o
 .debug_macro   0x00003550       0x52 src/TP3.o
 .debug_macro   0x000035a2       0x40 src/TP3.o
 .debug_macro   0x000035e2       0x10 src/TP3.o
 .debug_macro   0x000035f2       0x40 src/TP3.o
 .debug_macro   0x00003632       0xd7 src/TP3.o
 .debug_macro   0x00003709       0x16 src/TP3.o
 .debug_macro   0x0000371f      0x18b src/TP3.o
 .debug_macro   0x000038aa       0x22 src/TP3.o
 .debug_macro   0x000038cc       0x16 src/TP3.o
 .debug_macro   0x000038e2       0x16 src/TP3.o
 .debug_macro   0x000038f8       0x29 src/TP3.o
 .debug_macro   0x00003921       0x75 src/TP3.o
 .debug_macro   0x00003996       0x3f src/TP3.o
 .debug_macro   0x000039d5      0x3ca src/TP3.o
 .debug_macro   0x00003d9f      0xab6 src/TP3.o
 .debug_macro   0x00004855      0x569 src/TP3.o
 .debug_macro   0x00004dbe      0x2b5 src/TP3.o
 .debug_macro   0x00005073      0x31a src/TP3.o
 .debug_macro   0x0000538d      0x74f src/TP3.o
 .debug_macro   0x00005adc       0x82 src/TP3.o
 .debug_macro   0x00005b5e      0x57b src/TP3.o
 .debug_macro   0x000060d9       0x1c src/TP3.o
 .debug_macro   0x000060f5      0x6b7 src/TP3.o
 .debug_macro   0x000067ac      0x52d src/TP3.o
 .debug_macro   0x00006cd9       0xbe src/TP3.o
 .debug_macro   0x00006d97     0x2342 src/TP3.o
 .debug_macro   0x000090d9      0x85d src/TP3.o
 .debug_macro   0x00009936      0xdc9 src/TP3.o
 .debug_macro   0x0000a6ff       0x7c src/TP3.o
 .debug_macro   0x0000a77b      0x263 src/TP3.o
 .debug_macro   0x0000a9de       0x58 src/TP3.o
 .debug_macro   0x0000aa36      0x9a7 src/TP3.o
 .debug_macro   0x0000b3dd      0x248 src/TP3.o
 .debug_macro   0x0000b625      0x4df src/TP3.o
 .debug_macro   0x0000bb04      0x6b3 src/TP3.o
 .debug_macro   0x0000c1b7      0x59f src/TP3.o
 .debug_macro   0x0000c756       0x46 src/TP3.o
 .debug_macro   0x0000c79c      0x34d src/TP3.o
 .debug_macro   0x0000cae9      0x28c src/TP3.o
 .debug_macro   0x0000cd75     0x14d7 src/TP3.o
 .debug_macro   0x0000e24c      0x7ba src/TP3.o
 .debug_macro   0x0000ea06       0x76 src/TP3.o
 .debug_macro   0x0000ea7c       0x82 src/TP3.o
 .debug_macro   0x0000eafe       0x76 src/TP3.o
 .debug_macro   0x0000eb74       0x4c src/TP3.o
 .debug_macro   0x0000ebc0      0x105 src/TP3.o
 .debug_macro   0x0000ecc5      0x105 src/TP3.o
 .debug_macro   0x0000edca      0x105 src/TP3.o
 .debug_macro   0x0000eecf       0x88 src/TP3.o
 .debug_macro   0x0000ef57       0x88 src/TP3.o
 .debug_macro   0x0000efdf      0x3b4 src/TP3.o
 .debug_macro   0x0000f393       0xb8 src/TP3.o
 .debug_macro   0x0000f44b       0xb8 src/TP3.o
 .debug_macro   0x0000f503       0xb8 src/TP3.o
 .debug_macro   0x0000f5bb       0xb8 src/TP3.o
 .debug_macro   0x0000f673      0x2b8 src/TP3.o
 .debug_macro   0x0000f92b      0x125 src/TP3.o
 .debug_macro   0x0000fa50      0x225 src/TP3.o
 .debug_macro   0x0000fc75      0x225 src/TP3.o
 .debug_macro   0x0000fe9a       0x2e src/TP3.o
 .debug_macro   0x0000fec8       0xac src/TP3.o
 .debug_macro   0x0000ff74      0x14d src/TP3.o
 .debug_macro   0x000100c1       0x7c src/TP3.o
 .debug_macro   0x0001013d      0x205 src/TP3.o
 .debug_macro   0x00010342       0x64 src/TP3.o
 .debug_macro   0x000103a6       0xa6 src/TP3.o
 .debug_macro   0x0001044c       0x7c src/TP3.o
 .debug_macro   0x000104c8       0x16 src/TP3.o
 .debug_macro   0x000104de       0x22 src/TP3.o
 .debug_macro   0x00010500       0x22 src/TP3.o
 .debug_macro   0x00010522      0x115 src/TP3.o
 .debug_macro   0x00010637      0x115 src/TP3.o
 .debug_macro   0x0001074c      0x115 src/TP3.o
 .debug_macro   0x00010861      0x115 src/TP3.o
 .debug_macro   0x00010976       0x1c src/TP3.o
 .debug_macro   0x00010992       0x2e src/TP3.o
 .debug_macro   0x000109c0       0x22 src/TP3.o
 .debug_macro   0x000109e2       0x1c src/TP3.o
 .debug_macro   0x000109fe       0x58 src/TP3.o
 .debug_macro   0x00010a56       0x10 src/TP3.o
 .debug_macro   0x00010a66      0x273 src/TP3.o
 .debug_macro   0x00010cd9      0xd43 src/TP3.o
 .debug_macro   0x00011a1c      0x131 src/TP3.o
 .debug_macro   0x00011b4d      0x275 src/TP3.o
 .debug_macro   0x00011dc2       0xe4 src/TP3.o
 .debug_macro   0x00011ea6       0x8e src/TP3.o
 .debug_macro   0x00011f34      0x55a src/ASF/common/utils/interrupt/interrupt_sam_nvic.o
 .debug_macro   0x0001248e      0x564 src/ASF/sam/utils/cmsis/sam3x/source/templates/exceptions.o
 .debug_macro   0x000129f2      0x572 src/ASF/sam/utils/cmsis/sam3x/source/templates/gcc/startup_sam3x.o
 .debug_macro   0x00012f64      0x572 src/ASF/sam/utils/cmsis/sam3x/source/templates/system_sam3x.o
 .debug_macro   0x000134d6       0x26 src/ASF/sam/utils/cmsis/sam3x/source/templates/system_sam3x.o
 .debug_macro   0x000134fc      0x1d6 src/ASF/sam/utils/syscalls/gcc/syscalls.o
 .debug_macro   0x000136d2       0x52 src/ASF/sam/utils/syscalls/gcc/syscalls.o
 .debug_macro   0x00013724       0x8d src/ASF/sam/utils/syscalls/gcc/syscalls.o
 .debug_macro   0x000137b1       0x57 src/ASF/sam/utils/syscalls/gcc/syscalls.o
 .debug_macro   0x00013808       0x97 src/ASF/sam/utils/syscalls/gcc/syscalls.o
 .debug_macro   0x0001389f       0xf6 src/ASF/sam/utils/syscalls/gcc/syscalls.o
 .debug_macro   0x00013995       0x4c src/ASF/sam/utils/syscalls/gcc/syscalls.o
 .debug_macro   0x000139e1       0x16 src/ASF/sam/utils/syscalls/gcc/syscalls.o
 .debug_macro   0x000139f7       0x10 src/ASF/sam/utils/syscalls/gcc/syscalls.o
 .debug_macro   0x00013a07       0x10 src/ASF/sam/utils/syscalls/gcc/syscalls.o
 .debug_macro   0x00013a17       0x35 src/ASF/sam/utils/syscalls/gcc/syscalls.o
 .debug_macro   0x00013a4c      0x122 src/ASF/sam/utils/syscalls/gcc/syscalls.o
 .debug_macro   0x00013b6e      0x54d ../../bibliotheque pour TPs\libRobot.a(robot.o)
 .debug_macro   0x000140bb      0x874 ../../bibliotheque pour TPs\libRobot.a(robot.o)
 .debug_macro   0x0001492f      0x166 ../../bibliotheque pour TPs\libRobot.a(robot.o)
 .debug_macro   0x00014a95       0x22 ../../bibliotheque pour TPs\libRobot.a(robot.o)
 .debug_macro   0x00014ab7       0x44 ../../bibliotheque pour TPs\libRobot.a(robot.o)
 .debug_macro   0x00014afb       0x58 ../../bibliotheque pour TPs\libRobot.a(robot.o)
 .debug_macro   0x00014b53       0x22 ../../bibliotheque pour TPs\libRobot.a(robot.o)
 .debug_macro   0x00014b75      0x1df ../../bibliotheque pour TPs\libRobot.a(robot.o)
 .debug_macro   0x00014d54       0x20 ../../bibliotheque pour TPs\libRobot.a(robot.o)
 .debug_macro   0x00014d74      0xa7d ../../bibliotheque pour TPs\libRobot.a(robot.o)
 .debug_macro   0x000157f1      0x55a ../../bibliotheque pour TPs\libRobot.a(robot.o)
 .debug_macro   0x00015d4b      0x1a8 ../../bibliotheque pour TPs\libRobot.a(robot.o)
 .debug_macro   0x00015ef3      0x30b ../../bibliotheque pour TPs\libRobot.a(robot.o)
 .debug_macro   0x000161fe      0x709 ../../bibliotheque pour TPs\libRobot.a(robot.o)
 .debug_macro   0x00016907       0xd6 ../../bibliotheque pour TPs\libRobot.a(robot.o)
 .debug_macro   0x000169dd      0x56c ../../bibliotheque pour TPs\libRobot.a(robot.o)
 .debug_macro   0x00016f49       0x1c ../../bibliotheque pour TPs\libRobot.a(robot.o)
 .debug_macro   0x00016f65      0x678 ../../bibliotheque pour TPs\libRobot.a(robot.o)
 .debug_macro   0x000175dd      0x51e ../../bibliotheque pour TPs\libRobot.a(robot.o)
 .debug_macro   0x00017afb       0xbe ../../bibliotheque pour TPs\libRobot.a(robot.o)
 .debug_macro   0x00017bb9     0x2333 ../../bibliotheque pour TPs\libRobot.a(robot.o)
 .debug_macro   0x00019eec      0x7d1 ../../bibliotheque pour TPs\libRobot.a(robot.o)
 .debug_macro   0x0001a6bd      0xdbb ../../bibliotheque pour TPs\libRobot.a(robot.o)
 .debug_macro   0x0001b478       0x9a ../../bibliotheque pour TPs\libRobot.a(robot.o)
 .debug_macro   0x0001b512      0x29c ../../bibliotheque pour TPs\libRobot.a(robot.o)
 .debug_macro   0x0001b7ae       0x58 ../../bibliotheque pour TPs\libRobot.a(robot.o)
 .debug_macro   0x0001b806      0x999 ../../bibliotheque pour TPs\libRobot.a(robot.o)
 .debug_macro   0x0001c19f      0x22d ../../bibliotheque pour TPs\libRobot.a(robot.o)
 .debug_macro   0x0001c3cc      0x4b4 ../../bibliotheque pour TPs\libRobot.a(robot.o)
 .debug_macro   0x0001c880      0x64a ../../bibliotheque pour TPs\libRobot.a(robot.o)
 .debug_macro   0x0001ceca      0x590 ../../bibliotheque pour TPs\libRobot.a(robot.o)
 .debug_macro   0x0001d45a       0x46 ../../bibliotheque pour TPs\libRobot.a(robot.o)
 .debug_macro   0x0001d4a0      0x33f ../../bibliotheque pour TPs\libRobot.a(robot.o)
 .debug_macro   0x0001d7df      0x27e ../../bibliotheque pour TPs\libRobot.a(robot.o)
 .debug_macro   0x0001da5d     0x14dc ../../bibliotheque pour TPs\libRobot.a(robot.o)
 .debug_macro   0x0001ef39      0x7cf ../../bibliotheque pour TPs\libRobot.a(robot.o)
 .debug_macro   0x0001f708       0x76 ../../bibliotheque pour TPs\libRobot.a(robot.o)
 .debug_macro   0x0001f77e       0x82 ../../bibliotheque pour TPs\libRobot.a(robot.o)
 .debug_macro   0x0001f800       0x76 ../../bibliotheque pour TPs\libRobot.a(robot.o)
 .debug_macro   0x0001f876       0x4c ../../bibliotheque pour TPs\libRobot.a(robot.o)
 .debug_macro   0x0001f8c2      0x100 ../../bibliotheque pour TPs\libRobot.a(robot.o)
 .debug_macro   0x0001f9c2      0x100 ../../bibliotheque pour TPs\libRobot.a(robot.o)
 .debug_macro   0x0001fac2      0x100 ../../bibliotheque pour TPs\libRobot.a(robot.o)
 .debug_macro   0x0001fbc2       0x88 ../../bibliotheque pour TPs\libRobot.a(robot.o)
 .debug_macro   0x0001fc4a       0x88 ../../bibliotheque pour TPs\libRobot.a(robot.o)
 .debug_macro   0x0001fcd2      0x3b4 ../../bibliotheque pour TPs\libRobot.a(robot.o)
 .debug_macro   0x00020086       0xbe ../../bibliotheque pour TPs\libRobot.a(robot.o)
 .debug_macro   0x00020144       0xbe ../../bibliotheque pour TPs\libRobot.a(robot.o)
 .debug_macro   0x00020202       0xbe ../../bibliotheque pour TPs\libRobot.a(robot.o)
 .debug_macro   0x000202c0       0xbe ../../bibliotheque pour TPs\libRobot.a(robot.o)
 .debug_macro   0x0002037e      0x2b8 ../../bibliotheque pour TPs\libRobot.a(robot.o)
 .debug_macro   0x00020636      0x118 ../../bibliotheque pour TPs\libRobot.a(robot.o)
 .debug_macro   0x0002074e      0x216 ../../bibliotheque pour TPs\libRobot.a(robot.o)
 .debug_macro   0x00020964      0x216 ../../bibliotheque pour TPs\libRobot.a(robot.o)
 .debug_macro   0x00020b7a       0x2e ../../bibliotheque pour TPs\libRobot.a(robot.o)
 .debug_macro   0x00020ba8       0xac ../../bibliotheque pour TPs\libRobot.a(robot.o)
 .debug_macro   0x00020c54      0x13e ../../bibliotheque pour TPs\libRobot.a(robot.o)
 .debug_macro   0x00020d92       0x7c ../../bibliotheque pour TPs\libRobot.a(robot.o)
 .debug_macro   0x00020e0e      0x1f6 ../../bibliotheque pour TPs\libRobot.a(robot.o)
 .debug_macro   0x00021004       0x64 ../../bibliotheque pour TPs\libRobot.a(robot.o)
 .debug_macro   0x00021068       0xa6 ../../bibliotheque pour TPs\libRobot.a(robot.o)
 .debug_macro   0x0002110e       0x7c ../../bibliotheque pour TPs\libRobot.a(robot.o)
 .debug_macro   0x0002118a       0x16 ../../bibliotheque pour TPs\libRobot.a(robot.o)
 .debug_macro   0x000211a0       0x22 ../../bibliotheque pour TPs\libRobot.a(robot.o)
 .debug_macro   0x000211c2       0x22 ../../bibliotheque pour TPs\libRobot.a(robot.o)
 .debug_macro   0x000211e4      0x10c ../../bibliotheque pour TPs\libRobot.a(robot.o)
 .debug_macro   0x000212f0      0x10c ../../bibliotheque pour TPs\libRobot.a(robot.o)
 .debug_macro   0x000213fc      0x10c ../../bibliotheque pour TPs\libRobot.a(robot.o)
 .debug_macro   0x00021508      0x10c ../../bibliotheque pour TPs\libRobot.a(robot.o)
 .debug_macro   0x00021614       0x1c ../../bibliotheque pour TPs\libRobot.a(robot.o)
 .debug_macro   0x00021630       0x2e ../../bibliotheque pour TPs\libRobot.a(robot.o)
 .debug_macro   0x0002165e       0x22 ../../bibliotheque pour TPs\libRobot.a(robot.o)
 .debug_macro   0x00021680       0x1c ../../bibliotheque pour TPs\libRobot.a(robot.o)
 .debug_macro   0x0002169c       0x58 ../../bibliotheque pour TPs\libRobot.a(robot.o)
 .debug_macro   0x000216f4       0x10 ../../bibliotheque pour TPs\libRobot.a(robot.o)
 .debug_macro   0x00021704      0x27a ../../bibliotheque pour TPs\libRobot.a(robot.o)
 .debug_macro   0x0002197e      0xd34 ../../bibliotheque pour TPs\libRobot.a(robot.o)
 .debug_macro   0x000226b2      0x170 ../../bibliotheque pour TPs\libRobot.a(robot.o)
 .debug_macro   0x00022822       0x58 ../../bibliotheque pour TPs\libRobot.a(robot.o)
 .debug_macro   0x0002287a       0x35 ../../bibliotheque pour TPs\libRobot.a(robot.o)
 .debug_macro   0x000228af       0x35 ../../bibliotheque pour TPs\libRobot.a(robot.o)
 .debug_macro   0x000228e4      0x29d ../../bibliotheque pour TPs\libRobot.a(robot.o)
 .debug_macro   0x00022b81       0x52 ../../bibliotheque pour TPs\libRobot.a(robot.o)
 .debug_macro   0x00022bd3       0x16 ../../bibliotheque pour TPs\libRobot.a(robot.o)
 .debug_macro   0x00022be9       0x43 ../../bibliotheque pour TPs\libRobot.a(robot.o)
 .debug_macro   0x00022c2c      0x180 ../../bibliotheque pour TPs\libRobot.a(robot.o)
 .debug_macro   0x00022dac       0x10 ../../bibliotheque pour TPs\libRobot.a(robot.o)
 .debug_macro   0x00022dbc       0x22 ../../bibliotheque pour TPs\libRobot.a(robot.o)
 .debug_macro   0x00022dde       0xbe ../../bibliotheque pour TPs\libRobot.a(robot.o)
 .debug_macro   0x00022e9c      0x197 ../../bibliotheque pour TPs\libRobot.a(robot.o)
 .debug_macro   0x00023033       0x22 ../../bibliotheque pour TPs\libRobot.a(robot.o)
 .debug_macro   0x00023055       0x29 ../../bibliotheque pour TPs\libRobot.a(robot.o)
 .debug_macro   0x0002307e       0xe4 ../../bibliotheque pour TPs\libRobot.a(robot.o)
 .debug_macro   0x00023162      0x63f ../../bibliotheque pour TPs\libTPsIUT.a(libTPIUT.o)
 .debug_macro   0x000237a1       0x4a ../../bibliotheque pour TPs\libTPsIUT.a(libTPIUT.o)
 .debug_macro   0x000237eb       0x97 ../../bibliotheque pour TPs\libTPsIUT.a(libTPIUT.o)
 .debug_macro   0x00023882       0xef ../../bibliotheque pour TPs\libTPsIUT.a(libTPIUT.o)
 .debug_macro   0x00023971       0x52 ../../bibliotheque pour TPs\libTPsIUT.a(libTPIUT.o)

.debug_line     0x00000000     0x640b
 .debug_line    0x00000000      0xbde src/TP3.o
 .debug_line    0x00000bde      0xb62 src/ASF/common/utils/interrupt/interrupt_sam_nvic.o
 .debug_line    0x00001740      0xb23 src/ASF/sam/utils/cmsis/sam3x/source/templates/exceptions.o
 .debug_line    0x00002263      0xb6c src/ASF/sam/utils/cmsis/sam3x/source/templates/gcc/startup_sam3x.o
 .debug_line    0x00002dcf      0xb9e src/ASF/sam/utils/cmsis/sam3x/source/templates/system_sam3x.o
 .debug_line    0x0000396d      0x40b src/ASF/sam/utils/syscalls/gcc/syscalls.o
 .debug_line    0x00003d78      0x8fe ../../bibliotheque pour TPs\libRobot.a(robot.o)
 .debug_line    0x00004676     0x1d95 ../../bibliotheque pour TPs\libTPsIUT.a(libTPIUT.o)

.debug_str      0x00000000    0x70497
 .debug_str     0x00000000    0x5d2b6 src/TP3.o
                              0x5d6a9 (size before relaxing)
 .debug_str     0x0005d2b6       0xcb src/ASF/common/utils/interrupt/interrupt_sam_nvic.o
                              0x5cb61 (size before relaxing)
 .debug_str     0x0005d381       0x64 src/ASF/sam/utils/cmsis/sam3x/source/templates/exceptions.o
                              0x5cb2a (size before relaxing)
 .debug_str     0x0005d3e5      0x13c src/ASF/sam/utils/cmsis/sam3x/source/templates/gcc/startup_sam3x.o
                              0x5cc26 (size before relaxing)
 .debug_str     0x0005d521      0x33c src/ASF/sam/utils/cmsis/sam3x/source/templates/system_sam3x.o
                              0x5ce02 (size before relaxing)
 .debug_str     0x0005d85d      0x779 src/ASF/sam/utils/syscalls/gcc/syscalls.o
                               0x7407 (size before relaxing)
 .debug_str     0x0005dfd6     0xfcf4 ../../bibliotheque pour TPs\libRobot.a(robot.o)
                              0x5dc95 (size before relaxing)
 .debug_str     0x0006dcca     0x27cd ../../bibliotheque pour TPs\libTPsIUT.a(libTPIUT.o)
                              0x60909 (size before relaxing)

.debug_frame    0x00000000     0x1cbc
 .debug_frame   0x00000000       0x50 src/TP3.o
 .debug_frame   0x00000050       0x30 src/ASF/common/utils/interrupt/interrupt_sam_nvic.o
 .debug_frame   0x00000080       0x20 src/ASF/sam/utils/cmsis/sam3x/source/templates/exceptions.o
 .debug_frame   0x000000a0       0x28 src/ASF/sam/utils/cmsis/sam3x/source/templates/gcc/startup_sam3x.o
 .debug_frame   0x000000c8       0x40 src/ASF/sam/utils/cmsis/sam3x/source/templates/system_sam3x.o
 .debug_frame   0x00000108       0xa8 src/ASF/sam/utils/syscalls/gcc/syscalls.o
 .debug_frame   0x000001b0       0xb4 ../../bibliotheque pour TPs\libRobot.a(robot.o)
 .debug_frame   0x00000264      0xa00 ../../bibliotheque pour TPs\libTPsIUT.a(libTPIUT.o)
 .debug_frame   0x00000c64       0x2c c:/program files (x86)/atmel/studio/7.0/toolchain/arm/arm-gnu-toolchain/bin/../lib/gcc/arm-none-eabi/6.3.1/../../../../arm-none-eabi/lib/thumb/v7-m\libc_nano.a(lib_a-init.o)
 .debug_frame   0x00000c90       0x20 c:/program files (x86)/atmel/studio/7.0/toolchain/arm/arm-gnu-toolchain/bin/../lib/gcc/arm-none-eabi/6.3.1/../../../../arm-none-eabi/lib/thumb/v7-m\libc_nano.a(lib_a-memset.o)
 .debug_frame   0x00000cb0       0x90 c:/program files (x86)/atmel/studio/7.0/toolchain/arm/arm-gnu-toolchain/bin/../lib/gcc/arm-none-eabi/6.3.1/../../../../arm-none-eabi/lib/thumb/v7-m\libc_nano.a(lib_a-nano-vfprintf_float.o)
 .debug_frame   0x00000d40       0x60 c:/program files (x86)/atmel/studio/7.0/toolchain/arm/arm-gnu-toolchain/bin/../lib/gcc/arm-none-eabi/6.3.1/../../../../arm-none-eabi/lib/thumb/v7-m\libc_nano.a(lib_a-nano-vfprintf_i.o)
 .debug_frame   0x00000da0       0x74 c:/program files (x86)/atmel/studio/7.0/toolchain/arm/arm-gnu-toolchain/bin/../lib/gcc/arm-none-eabi/6.3.1/../../../../arm-none-eabi/lib/thumb/v7-m\libc_nano.a(lib_a-printf.o)
 .debug_frame   0x00000e14       0x3c c:/program files (x86)/atmel/studio/7.0/toolchain/arm/arm-gnu-toolchain/bin/../lib/gcc/arm-none-eabi/6.3.1/../../../../arm-none-eabi/lib/thumb/v7-m\libc_nano.a(lib_a-puts.o)
 .debug_frame   0x00000e50       0x20 c:/program files (x86)/atmel/studio/7.0/toolchain/arm/arm-gnu-toolchain/bin/../lib/gcc/arm-none-eabi/6.3.1/../../../../arm-none-eabi/lib/thumb/v7-m\libc_nano.a(lib_a-setbuf.o)
 .debug_frame   0x00000e70       0x38 c:/program files (x86)/atmel/studio/7.0/toolchain/arm/arm-gnu-toolchain/bin/../lib/gcc/arm-none-eabi/6.3.1/../../../../arm-none-eabi/lib/thumb/v7-m\libc_nano.a(lib_a-setvbuf.o)
 .debug_frame   0x00000ea8       0x40 c:/program files (x86)/atmel/studio/7.0/toolchain/arm/arm-gnu-toolchain/bin/../lib/gcc/arm-none-eabi/6.3.1/../../../../arm-none-eabi/lib/thumb/v7-m\libc_nano.a(lib_a-wbuf.o)
 .debug_frame   0x00000ee8       0x2c c:/program files (x86)/atmel/studio/7.0/toolchain/arm/arm-gnu-toolchain/bin/../lib/gcc/arm-none-eabi/6.3.1/../../../../arm-none-eabi/lib/thumb/v7-m\libc_nano.a(lib_a-wsetup.o)
 .debug_frame   0x00000f14       0x6c c:/program files (x86)/atmel/studio/7.0/toolchain/arm/arm-gnu-toolchain/bin/../lib/gcc/arm-none-eabi/6.3.1/../../../../arm-none-eabi/lib/thumb/v7-m\libc_nano.a(lib_a-dtoa.o)
 .debug_frame   0x00000f80       0x68 c:/program files (x86)/atmel/studio/7.0/toolchain/arm/arm-gnu-toolchain/bin/../lib/gcc/arm-none-eabi/6.3.1/../../../../arm-none-eabi/lib/thumb/v7-m\libc_nano.a(lib_a-fflush.o)
 .debug_frame   0x00000fe8      0x11c c:/program files (x86)/atmel/studio/7.0/toolchain/arm/arm-gnu-toolchain/bin/../lib/gcc/arm-none-eabi/6.3.1/../../../../arm-none-eabi/lib/thumb/v7-m\libc_nano.a(lib_a-findfp.o)
 .debug_frame   0x00001104       0x54 c:/program files (x86)/atmel/studio/7.0/toolchain/arm/arm-gnu-toolchain/bin/../lib/gcc/arm-none-eabi/6.3.1/../../../../arm-none-eabi/lib/thumb/v7-m\libc_nano.a(lib_a-fwalk.o)
 .debug_frame   0x00001158       0x40 c:/program files (x86)/atmel/studio/7.0/toolchain/arm/arm-gnu-toolchain/bin/../lib/gcc/arm-none-eabi/6.3.1/../../../../arm-none-eabi/lib/thumb/v7-m\libc_nano.a(lib_a-localeconv.o)
 .debug_frame   0x00001198       0x58 c:/program files (x86)/atmel/studio/7.0/toolchain/arm/arm-gnu-toolchain/bin/../lib/gcc/arm-none-eabi/6.3.1/../../../../arm-none-eabi/lib/thumb/v7-m\libc_nano.a(lib_a-makebuf.o)
 .debug_frame   0x000011f0       0x30 c:/program files (x86)/atmel/studio/7.0/toolchain/arm/arm-gnu-toolchain/bin/../lib/gcc/arm-none-eabi/6.3.1/../../../../arm-none-eabi/lib/thumb/v7-m\libc_nano.a(lib_a-malloc.o)
 .debug_frame   0x00001220       0x28 c:/program files (x86)/atmel/studio/7.0/toolchain/arm/arm-gnu-toolchain/bin/../lib/gcc/arm-none-eabi/6.3.1/../../../../arm-none-eabi/lib/thumb/v7-m\libc_nano.a(lib_a-memchr-stub.o)
 .debug_frame   0x00001248       0x28 c:/program files (x86)/atmel/studio/7.0/toolchain/arm/arm-gnu-toolchain/bin/../lib/gcc/arm-none-eabi/6.3.1/../../../../arm-none-eabi/lib/thumb/v7-m\libc_nano.a(lib_a-memcpy-stub.o)
 .debug_frame   0x00001270      0x244 c:/program files (x86)/atmel/studio/7.0/toolchain/arm/arm-gnu-toolchain/bin/../lib/gcc/arm-none-eabi/6.3.1/../../../../arm-none-eabi/lib/thumb/v7-m\libc_nano.a(lib_a-mprec.o)
 .debug_frame   0x000014b4       0x2c c:/program files (x86)/atmel/studio/7.0/toolchain/arm/arm-gnu-toolchain/bin/../lib/gcc/arm-none-eabi/6.3.1/../../../../arm-none-eabi/lib/thumb/v7-m\libc_nano.a(lib_a-nano-callocr.o)
 .debug_frame   0x000014e0       0x38 c:/program files (x86)/atmel/studio/7.0/toolchain/arm/arm-gnu-toolchain/bin/../lib/gcc/arm-none-eabi/6.3.1/../../../../arm-none-eabi/lib/thumb/v7-m\libc_nano.a(lib_a-nano-freer.o)
 .debug_frame   0x00001518       0x2c c:/program files (x86)/atmel/studio/7.0/toolchain/arm/arm-gnu-toolchain/bin/../lib/gcc/arm-none-eabi/6.3.1/../../../../arm-none-eabi/lib/thumb/v7-m\libc_nano.a(lib_a-nano-mallocr.o)
 .debug_frame   0x00001544       0xac c:/program files (x86)/atmel/studio/7.0/toolchain/arm/arm-gnu-toolchain/bin/../lib/gcc/arm-none-eabi/6.3.1/../../../../arm-none-eabi/lib/thumb/v7-m\libc_nano.a(lib_a-nano-vfprintf.o)
 .debug_frame   0x000015f0       0x2c c:/program files (x86)/atmel/studio/7.0/toolchain/arm/arm-gnu-toolchain/bin/../lib/gcc/arm-none-eabi/6.3.1/../../../../arm-none-eabi/lib/thumb/v7-m\libc_nano.a(lib_a-sbrkr.o)
 .debug_frame   0x0000161c       0x88 c:/program files (x86)/atmel/studio/7.0/toolchain/arm/arm-gnu-toolchain/bin/../lib/gcc/arm-none-eabi/6.3.1/../../../../arm-none-eabi/lib/thumb/v7-m\libc_nano.a(lib_a-stdio.o)
 .debug_frame   0x000016a4       0x2c c:/program files (x86)/atmel/studio/7.0/toolchain/arm/arm-gnu-toolchain/bin/../lib/gcc/arm-none-eabi/6.3.1/../../../../arm-none-eabi/lib/thumb/v7-m\libc_nano.a(lib_a-writer.o)
 .debug_frame   0x000016d0       0x2c c:/program files (x86)/atmel/studio/7.0/toolchain/arm/arm-gnu-toolchain/bin/../lib/gcc/arm-none-eabi/6.3.1/../../../../arm-none-eabi/lib/thumb/v7-m\libc_nano.a(lib_a-closer.o)
 .debug_frame   0x000016fc       0x2c c:/program files (x86)/atmel/studio/7.0/toolchain/arm/arm-gnu-toolchain/bin/../lib/gcc/arm-none-eabi/6.3.1/../../../../arm-none-eabi/lib/thumb/v7-m\libc_nano.a(lib_a-fstatr.o)
 .debug_frame   0x00001728       0x2c c:/program files (x86)/atmel/studio/7.0/toolchain/arm/arm-gnu-toolchain/bin/../lib/gcc/arm-none-eabi/6.3.1/../../../../arm-none-eabi/lib/thumb/v7-m\libc_nano.a(lib_a-isattyr.o)
 .debug_frame   0x00001754       0x68 c:/program files (x86)/atmel/studio/7.0/toolchain/arm/arm-gnu-toolchain/bin/../lib/gcc/arm-none-eabi/6.3.1/../../../../arm-none-eabi/lib/thumb/v7-m\libc_nano.a(lib_a-locale.o)
 .debug_frame   0x000017bc       0x2c c:/program files (x86)/atmel/studio/7.0/toolchain/arm/arm-gnu-toolchain/bin/../lib/gcc/arm-none-eabi/6.3.1/../../../../arm-none-eabi/lib/thumb/v7-m\libc_nano.a(lib_a-lseekr.o)
 .debug_frame   0x000017e8       0x48 c:/program files (x86)/atmel/studio/7.0/toolchain/arm/arm-gnu-toolchain/bin/../lib/gcc/arm-none-eabi/6.3.1/../../../../arm-none-eabi/lib/thumb/v7-m\libc_nano.a(lib_a-mbtowc_r.o)
 .debug_frame   0x00001830       0x30 c:/program files (x86)/atmel/studio/7.0/toolchain/arm/arm-gnu-toolchain/bin/../lib/gcc/arm-none-eabi/6.3.1/../../../../arm-none-eabi/lib/thumb/v7-m\libc_nano.a(lib_a-mlock.o)
 .debug_frame   0x00001860       0x2c c:/program files (x86)/atmel/studio/7.0/toolchain/arm/arm-gnu-toolchain/bin/../lib/gcc/arm-none-eabi/6.3.1/../../../../arm-none-eabi/lib/thumb/v7-m\libc_nano.a(lib_a-readr.o)